Archive member included because of file (symbol)

c:/freescale/kds_3.0.0/toolchain/bin/../lib/gcc/arm-none-eabi/4.8.4/armv7e-m/fpu\libgcc.a(_arm_addsubdf3.o)
                              ./Sources/PIT.o (__aeabi_ui2d)
c:/freescale/kds_3.0.0/toolchain/bin/../lib/gcc/arm-none-eabi/4.8.4/armv7e-m/fpu\libgcc.a(_arm_muldivdf3.o)
                              ./Sources/PIT.o (__aeabi_ddiv)
c:/freescale/kds_3.0.0/toolchain/bin/../lib/gcc/arm-none-eabi/4.8.4/armv7e-m/fpu\libgcc.a(_arm_fixunsdfsi.o)
                              ./Sources/PIT.o (__aeabi_d2uiz)
c:/freescale/kds_3.0.0/toolchain/bin/../lib/gcc/arm-none-eabi/4.8.4/../../../../arm-none-eabi/lib/armv7e-m/fpu\libg_s.a(lib_a-exit.o)
                              c:/freescale/kds_3.0.0/toolchain/bin/../lib/gcc/arm-none-eabi/4.8.4/../../../../arm-none-eabi/lib/armv7e-m/fpu/crt0.o (exit)
c:/freescale/kds_3.0.0/toolchain/bin/../lib/gcc/arm-none-eabi/4.8.4/../../../../arm-none-eabi/lib/armv7e-m/fpu\libg_s.a(lib_a-impure.o)
                              c:/freescale/kds_3.0.0/toolchain/bin/../lib/gcc/arm-none-eabi/4.8.4/../../../../arm-none-eabi/lib/armv7e-m/fpu\libg_s.a(lib_a-exit.o) (_global_impure_ptr)
c:/freescale/kds_3.0.0/toolchain/bin/../lib/gcc/arm-none-eabi/4.8.4/../../../../arm-none-eabi/lib/armv7e-m/fpu\libg_s.a(lib_a-init.o)
                              c:/freescale/kds_3.0.0/toolchain/bin/../lib/gcc/arm-none-eabi/4.8.4/../../../../arm-none-eabi/lib/armv7e-m/fpu/crt0.o (__libc_init_array)
c:/freescale/kds_3.0.0/toolchain/bin/../lib/gcc/arm-none-eabi/4.8.4/../../../../arm-none-eabi/lib/armv7e-m/fpu\libg_s.a(lib_a-memset.o)
                              c:/freescale/kds_3.0.0/toolchain/bin/../lib/gcc/arm-none-eabi/4.8.4/../../../../arm-none-eabi/lib/armv7e-m/fpu/crt0.o (memset)
c:/freescale/kds_3.0.0/toolchain/bin/../lib/gcc/arm-none-eabi/4.8.4/../../../../arm-none-eabi/lib/armv7e-m/fpu\libnosys.a(_exit.o)
                              c:/freescale/kds_3.0.0/toolchain/bin/../lib/gcc/arm-none-eabi/4.8.4/../../../../arm-none-eabi/lib/armv7e-m/fpu\libg_s.a(lib_a-exit.o) (_exit)

Allocating common symbols
Common symbol       size              file

TowerNumber         0x4               ./Sources/packet.o
Packet              0x5               ./Sources/packet.o
TxFIFO              0x106             ./Sources/UART.o
RxFIFO              0x106             ./Sources/UART.o
SR_reg              0x1               ./Generated_Code/Cpu.o
TowerMode           0x4               ./Sources/packet.o

Discarded input sections

 .text          0x00000000        0x0 c:/freescale/kds_3.0.0/toolchain/bin/../lib/gcc/arm-none-eabi/4.8.4/armv7e-m/fpu/crti.o
 .data          0x00000000        0x0 c:/freescale/kds_3.0.0/toolchain/bin/../lib/gcc/arm-none-eabi/4.8.4/armv7e-m/fpu/crti.o
 .bss           0x00000000        0x0 c:/freescale/kds_3.0.0/toolchain/bin/../lib/gcc/arm-none-eabi/4.8.4/armv7e-m/fpu/crti.o
 .data          0x00000000        0x4 c:/freescale/kds_3.0.0/toolchain/bin/../lib/gcc/arm-none-eabi/4.8.4/armv7e-m/fpu/crtbegin.o
 .data          0x00000000        0x0 c:/freescale/kds_3.0.0/toolchain/bin/../lib/gcc/arm-none-eabi/4.8.4/../../../../arm-none-eabi/lib/armv7e-m/fpu/crt0.o
 .bss           0x00000000        0x0 c:/freescale/kds_3.0.0/toolchain/bin/../lib/gcc/arm-none-eabi/4.8.4/../../../../arm-none-eabi/lib/armv7e-m/fpu/crt0.o
 .ARM.extab     0x00000000        0x0 c:/freescale/kds_3.0.0/toolchain/bin/../lib/gcc/arm-none-eabi/4.8.4/../../../../arm-none-eabi/lib/armv7e-m/fpu/crt0.o
 .group         0x00000000        0x8 ./Sources/Events.o
 .group         0x00000000        0x8 ./Sources/Events.o
 .group         0x00000000        0x8 ./Sources/Events.o
 .group         0x00000000        0x8 ./Sources/Events.o
 .group         0x00000000        0x8 ./Sources/Events.o
 .group         0x00000000        0x8 ./Sources/Events.o
 .group         0x00000000        0x8 ./Sources/Events.o
 .group         0x00000000        0x8 ./Sources/Events.o
 .group         0x00000000        0x8 ./Sources/Events.o
 .text          0x00000000        0x0 ./Sources/Events.o
 .data          0x00000000        0x0 ./Sources/Events.o
 .bss           0x00000000        0x0 ./Sources/Events.o
 .debug_info    0x00000000       0x7d ./Sources/Events.o
 .debug_abbrev  0x00000000       0x29 ./Sources/Events.o
 .debug_aranges
                0x00000000       0x18 ./Sources/Events.o
 .debug_macro   0x00000000       0x9f ./Sources/Events.o
 .debug_macro   0x00000000      0x850 ./Sources/Events.o
 .debug_macro   0x00000000       0x16 ./Sources/Events.o
 .debug_macro   0x00000000       0x44 ./Sources/Events.o
 .debug_macro   0x00000000      0x209 ./Sources/Events.o
 .debug_macro   0x00000000     0x17fa ./Sources/Events.o
 .debug_macro   0x00000000      0x14e ./Sources/Events.o
 .debug_macro   0x00000000       0x64 ./Sources/Events.o
 .debug_macro   0x00000000    0x174c1 ./Sources/Events.o
 .debug_macro   0x00000000       0x9a ./Sources/Events.o
 .debug_line    0x00000000      0x220 ./Sources/Events.o
 .debug_str     0x00000000    0x8a5ef ./Sources/Events.o
 .comment       0x00000000       0x71 ./Sources/Events.o
 .ARM.attributes
                0x00000000       0x39 ./Sources/Events.o
 .group         0x00000000        0x8 ./Sources/FIFO.o
 .group         0x00000000        0x8 ./Sources/FIFO.o
 .group         0x00000000        0x8 ./Sources/FIFO.o
 .group         0x00000000        0x8 ./Sources/FIFO.o
 .group         0x00000000        0x8 ./Sources/FIFO.o
 .group         0x00000000        0x8 ./Sources/FIFO.o
 .group         0x00000000        0x8 ./Sources/FIFO.o
 .group         0x00000000        0x8 ./Sources/FIFO.o
 .group         0x00000000        0x8 ./Sources/FIFO.o
 .group         0x00000000        0x8 ./Sources/FIFO.o
 .text          0x00000000        0x0 ./Sources/FIFO.o
 .data          0x00000000        0x0 ./Sources/FIFO.o
 .bss           0x00000000        0x0 ./Sources/FIFO.o
 .debug_macro   0x00000000      0x850 ./Sources/FIFO.o
 .debug_macro   0x00000000       0x16 ./Sources/FIFO.o
 .debug_macro   0x00000000       0x44 ./Sources/FIFO.o
 .debug_macro   0x00000000      0x209 ./Sources/FIFO.o
 .debug_macro   0x00000000      0x14e ./Sources/FIFO.o
 .debug_macro   0x00000000       0x64 ./Sources/FIFO.o
 .debug_macro   0x00000000    0x174c1 ./Sources/FIFO.o
 .debug_macro   0x00000000       0x9a ./Sources/FIFO.o
 .group         0x00000000        0x8 ./Sources/FTM.o
 .group         0x00000000        0x8 ./Sources/FTM.o
 .group         0x00000000        0x8 ./Sources/FTM.o
 .group         0x00000000        0x8 ./Sources/FTM.o
 .group         0x00000000        0x8 ./Sources/FTM.o
 .group         0x00000000        0x8 ./Sources/FTM.o
 .text          0x00000000        0x0 ./Sources/FTM.o
 .data          0x00000000        0x0 ./Sources/FTM.o
 .bss           0x00000000        0x0 ./Sources/FTM.o
 .debug_macro   0x00000000      0x850 ./Sources/FTM.o
 .debug_macro   0x00000000       0x16 ./Sources/FTM.o
 .debug_macro   0x00000000       0x44 ./Sources/FTM.o
 .debug_macro   0x00000000      0x209 ./Sources/FTM.o
 .debug_macro   0x00000000       0x22 ./Sources/FTM.o
 .debug_macro   0x00000000    0x174c1 ./Sources/FTM.o
 .group         0x00000000        0x8 ./Sources/Flash.o
 .group         0x00000000        0x8 ./Sources/Flash.o
 .group         0x00000000        0x8 ./Sources/Flash.o
 .group         0x00000000        0x8 ./Sources/Flash.o
 .group         0x00000000        0x8 ./Sources/Flash.o
 .group         0x00000000        0x8 ./Sources/Flash.o
 .group         0x00000000        0x8 ./Sources/Flash.o
 .group         0x00000000        0x8 ./Sources/Flash.o
 .group         0x00000000        0x8 ./Sources/Flash.o
 .group         0x00000000        0x8 ./Sources/Flash.o
 .group         0x00000000        0x8 ./Sources/Flash.o
 .group         0x00000000        0x8 ./Sources/Flash.o
 .group         0x00000000        0x8 ./Sources/Flash.o
 .group         0x00000000        0x8 ./Sources/Flash.o
 .group         0x00000000        0x8 ./Sources/Flash.o
 .group         0x00000000        0x8 ./Sources/Flash.o
 .group         0x00000000        0x8 ./Sources/Flash.o
 .group         0x00000000        0x8 ./Sources/Flash.o
 .text          0x00000000        0x0 ./Sources/Flash.o
 .data          0x00000000        0x0 ./Sources/Flash.o
 .bss           0x00000000        0x0 ./Sources/Flash.o
 .text.Flash_Write32
                0x00000000       0x64 ./Sources/Flash.o
 .debug_macro   0x00000000      0x850 ./Sources/Flash.o
 .debug_macro   0x00000000       0x16 ./Sources/Flash.o
 .debug_macro   0x00000000       0x44 ./Sources/Flash.o
 .debug_macro   0x00000000      0x209 ./Sources/Flash.o
 .debug_macro   0x00000000       0x22 ./Sources/Flash.o
 .debug_macro   0x00000000    0x174c1 ./Sources/Flash.o
 .group         0x00000000        0x8 ./Sources/I2C.o
 .group         0x00000000        0x8 ./Sources/I2C.o
 .group         0x00000000        0x8 ./Sources/I2C.o
 .group         0x00000000        0x8 ./Sources/I2C.o
 .group         0x00000000        0x8 ./Sources/I2C.o
 .group         0x00000000        0x8 ./Sources/I2C.o
 .group         0x00000000        0x8 ./Sources/I2C.o
 .group         0x00000000        0x8 ./Sources/I2C.o
 .group         0x00000000        0x8 ./Sources/I2C.o
 .group         0x00000000        0x8 ./Sources/I2C.o
 .group         0x00000000        0x8 ./Sources/I2C.o
 .group         0x00000000        0x8 ./Sources/I2C.o
 .group         0x00000000        0x8 ./Sources/I2C.o
 .group         0x00000000        0x8 ./Sources/I2C.o
 .group         0x00000000        0x8 ./Sources/I2C.o
 .group         0x00000000        0x8 ./Sources/I2C.o
 .group         0x00000000        0x8 ./Sources/I2C.o
 .group         0x00000000        0x8 ./Sources/I2C.o
 .group         0x00000000        0x8 ./Sources/I2C.o
 .group         0x00000000        0x8 ./Sources/I2C.o
 .group         0x00000000        0x8 ./Sources/I2C.o
 .text          0x00000000        0x0 ./Sources/I2C.o
 .data          0x00000000        0x0 ./Sources/I2C.o
 .bss           0x00000000        0x0 ./Sources/I2C.o
 .bss.RegisterAddress
                0x00000000        0x1 ./Sources/I2C.o
 .debug_macro   0x00000000      0x850 ./Sources/I2C.o
 .debug_macro   0x00000000       0x16 ./Sources/I2C.o
 .debug_macro   0x00000000       0x44 ./Sources/I2C.o
 .debug_macro   0x00000000      0x209 ./Sources/I2C.o
 .debug_macro   0x00000000       0x22 ./Sources/I2C.o
 .debug_macro   0x00000000    0x174c1 ./Sources/I2C.o
 .debug_macro   0x00000000     0x1800 ./Sources/I2C.o
 .debug_macro   0x00000000      0x14e ./Sources/I2C.o
 .debug_macro   0x00000000       0x64 ./Sources/I2C.o
 .debug_macro   0x00000000       0x9a ./Sources/I2C.o
 .debug_macro   0x00000000       0x58 ./Sources/I2C.o
 .debug_macro   0x00000000       0x35 ./Sources/I2C.o
 .debug_macro   0x00000000       0xa3 ./Sources/I2C.o
 .debug_macro   0x00000000       0x52 ./Sources/I2C.o
 .debug_macro   0x00000000       0x16 ./Sources/I2C.o
 .debug_macro   0x00000000       0x43 ./Sources/I2C.o
 .debug_macro   0x00000000      0x180 ./Sources/I2C.o
 .group         0x00000000        0x8 ./Sources/LEDs.o
 .group         0x00000000        0x8 ./Sources/LEDs.o
 .group         0x00000000        0x8 ./Sources/LEDs.o
 .group         0x00000000        0x8 ./Sources/LEDs.o
 .group         0x00000000        0x8 ./Sources/LEDs.o
 .group         0x00000000        0x8 ./Sources/LEDs.o
 .text          0x00000000        0x0 ./Sources/LEDs.o
 .data          0x00000000        0x0 ./Sources/LEDs.o
 .bss           0x00000000        0x0 ./Sources/LEDs.o
 .debug_macro   0x00000000      0x850 ./Sources/LEDs.o
 .debug_macro   0x00000000       0x16 ./Sources/LEDs.o
 .debug_macro   0x00000000       0x44 ./Sources/LEDs.o
 .debug_macro   0x00000000      0x209 ./Sources/LEDs.o
 .debug_macro   0x00000000       0x22 ./Sources/LEDs.o
 .debug_macro   0x00000000    0x174c1 ./Sources/LEDs.o
 .group         0x00000000        0x8 ./Sources/PIT.o
 .group         0x00000000        0x8 ./Sources/PIT.o
 .group         0x00000000        0x8 ./Sources/PIT.o
 .group         0x00000000        0x8 ./Sources/PIT.o
 .group         0x00000000        0x8 ./Sources/PIT.o
 .group         0x00000000        0x8 ./Sources/PIT.o
 .text          0x00000000        0x0 ./Sources/PIT.o
 .data          0x00000000        0x0 ./Sources/PIT.o
 .bss           0x00000000        0x0 ./Sources/PIT.o
 .debug_macro   0x00000000      0x850 ./Sources/PIT.o
 .debug_macro   0x00000000       0x16 ./Sources/PIT.o
 .debug_macro   0x00000000       0x44 ./Sources/PIT.o
 .debug_macro   0x00000000      0x209 ./Sources/PIT.o
 .debug_macro   0x00000000       0x22 ./Sources/PIT.o
 .debug_macro   0x00000000    0x174c1 ./Sources/PIT.o
 .group         0x00000000        0x8 ./Sources/RTC.o
 .group         0x00000000        0x8 ./Sources/RTC.o
 .group         0x00000000        0x8 ./Sources/RTC.o
 .group         0x00000000        0x8 ./Sources/RTC.o
 .group         0x00000000        0x8 ./Sources/RTC.o
 .group         0x00000000        0x8 ./Sources/RTC.o
 .text          0x00000000        0x0 ./Sources/RTC.o
 .data          0x00000000        0x0 ./Sources/RTC.o
 .bss           0x00000000        0x0 ./Sources/RTC.o
 .debug_macro   0x00000000      0x850 ./Sources/RTC.o
 .debug_macro   0x00000000       0x16 ./Sources/RTC.o
 .debug_macro   0x00000000       0x44 ./Sources/RTC.o
 .debug_macro   0x00000000      0x209 ./Sources/RTC.o
 .debug_macro   0x00000000       0x22 ./Sources/RTC.o
 .debug_macro   0x00000000    0x174c1 ./Sources/RTC.o
 .group         0x00000000        0x8 ./Sources/UART.o
 .group         0x00000000        0x8 ./Sources/UART.o
 .group         0x00000000        0x8 ./Sources/UART.o
 .group         0x00000000        0x8 ./Sources/UART.o
 .group         0x00000000        0x8 ./Sources/UART.o
 .group         0x00000000        0x8 ./Sources/UART.o
 .group         0x00000000        0x8 ./Sources/UART.o
 .group         0x00000000        0x8 ./Sources/UART.o
 .group         0x00000000        0x8 ./Sources/UART.o
 .group         0x00000000        0x8 ./Sources/UART.o
 .text          0x00000000        0x0 ./Sources/UART.o
 .data          0x00000000        0x0 ./Sources/UART.o
 .bss           0x00000000        0x0 ./Sources/UART.o
 .debug_macro   0x00000000      0x850 ./Sources/UART.o
 .debug_macro   0x00000000       0x16 ./Sources/UART.o
 .debug_macro   0x00000000       0x44 ./Sources/UART.o
 .debug_macro   0x00000000      0x209 ./Sources/UART.o
 .debug_macro   0x00000000       0x22 ./Sources/UART.o
 .debug_macro   0x00000000    0x174c1 ./Sources/UART.o
 .debug_macro   0x00000000     0x1800 ./Sources/UART.o
 .debug_macro   0x00000000      0x14e ./Sources/UART.o
 .debug_macro   0x00000000       0x64 ./Sources/UART.o
 .debug_macro   0x00000000       0x9a ./Sources/UART.o
 .group         0x00000000        0x8 ./Sources/accel.o
 .group         0x00000000        0x8 ./Sources/accel.o
 .group         0x00000000        0x8 ./Sources/accel.o
 .group         0x00000000        0x8 ./Sources/accel.o
 .group         0x00000000        0x8 ./Sources/accel.o
 .group         0x00000000        0x8 ./Sources/accel.o
 .group         0x00000000        0x8 ./Sources/accel.o
 .group         0x00000000        0x8 ./Sources/accel.o
 .group         0x00000000        0x8 ./Sources/accel.o
 .group         0x00000000        0x8 ./Sources/accel.o
 .text          0x00000000        0x0 ./Sources/accel.o
 .data          0x00000000        0x0 ./Sources/accel.o
 .bss           0x00000000        0x0 ./Sources/accel.o
 .bss.INT_SOURCE_Union
                0x00000000        0x4 ./Sources/accel.o
 .debug_macro   0x00000000      0x850 ./Sources/accel.o
 .debug_macro   0x00000000       0x16 ./Sources/accel.o
 .debug_macro   0x00000000       0x44 ./Sources/accel.o
 .debug_macro   0x00000000      0x209 ./Sources/accel.o
 .debug_macro   0x00000000       0x22 ./Sources/accel.o
 .debug_macro   0x00000000    0x174c1 ./Sources/accel.o
 .debug_macro   0x00000000     0x1800 ./Sources/accel.o
 .debug_macro   0x00000000      0x14e ./Sources/accel.o
 .debug_macro   0x00000000       0x64 ./Sources/accel.o
 .group         0x00000000        0x8 ./Sources/main.o
 .group         0x00000000        0x8 ./Sources/main.o
 .group         0x00000000        0x8 ./Sources/main.o
 .group         0x00000000        0x8 ./Sources/main.o
 .group         0x00000000        0x8 ./Sources/main.o
 .group         0x00000000        0x8 ./Sources/main.o
 .group         0x00000000        0x8 ./Sources/main.o
 .group         0x00000000        0x8 ./Sources/main.o
 .group         0x00000000        0x8 ./Sources/main.o
 .group         0x00000000        0x8 ./Sources/main.o
 .group         0x00000000        0x8 ./Sources/main.o
 .group         0x00000000        0x8 ./Sources/main.o
 .group         0x00000000        0x8 ./Sources/main.o
 .group         0x00000000        0x8 ./Sources/main.o
 .group         0x00000000        0x8 ./Sources/main.o
 .group         0x00000000        0x8 ./Sources/main.o
 .group         0x00000000        0x8 ./Sources/main.o
 .group         0x00000000        0x8 ./Sources/main.o
 .group         0x00000000        0x8 ./Sources/main.o
 .group         0x00000000        0x8 ./Sources/main.o
 .group         0x00000000        0x8 ./Sources/main.o
 .group         0x00000000        0x8 ./Sources/main.o
 .group         0x00000000        0x8 ./Sources/main.o
 .text          0x00000000        0x0 ./Sources/main.o
 .data          0x00000000        0x0 ./Sources/main.o
 .bss           0x00000000        0x0 ./Sources/main.o
 .rodata.BAUD_RATE
                0x00000000        0x4 ./Sources/main.o
 .rodata.MODULE_CLOCK
                0x00000000        0x4 ./Sources/main.o
 .bss.AccTimerRunningFlag
                0x00000000        0x1 ./Sources/main.o
 .debug_macro   0x00000000      0x850 ./Sources/main.o
 .debug_macro   0x00000000       0x16 ./Sources/main.o
 .debug_macro   0x00000000       0x44 ./Sources/main.o
 .debug_macro   0x00000000      0x209 ./Sources/main.o
 .debug_macro   0x00000000     0x17fa ./Sources/main.o
 .debug_macro   0x00000000      0x14e ./Sources/main.o
 .debug_macro   0x00000000       0x64 ./Sources/main.o
 .debug_macro   0x00000000    0x174c1 ./Sources/main.o
 .debug_macro   0x00000000       0x9a ./Sources/main.o
 .debug_macro   0x00000000       0x22 ./Sources/main.o
 .debug_macro   0x00000000       0x58 ./Sources/main.o
 .debug_macro   0x00000000       0x35 ./Sources/main.o
 .debug_macro   0x00000000       0xa3 ./Sources/main.o
 .debug_macro   0x00000000      0x166 ./Sources/main.o
 .debug_macro   0x00000000       0x52 ./Sources/main.o
 .debug_macro   0x00000000       0x16 ./Sources/main.o
 .debug_macro   0x00000000       0x43 ./Sources/main.o
 .debug_macro   0x00000000      0x180 ./Sources/main.o
 .debug_macro   0x00000000      0x2a6 ./Sources/main.o
 .debug_macro   0x00000000       0x10 ./Sources/main.o
 .debug_macro   0x00000000       0x35 ./Sources/main.o
 .group         0x00000000        0x8 ./Sources/median.o
 .group         0x00000000        0x8 ./Sources/median.o
 .group         0x00000000        0x8 ./Sources/median.o
 .group         0x00000000        0x8 ./Sources/median.o
 .group         0x00000000        0x8 ./Sources/median.o
 .text          0x00000000        0x0 ./Sources/median.o
 .data          0x00000000        0x0 ./Sources/median.o
 .bss           0x00000000        0x0 ./Sources/median.o
 .debug_macro   0x00000000      0x850 ./Sources/median.o
 .debug_macro   0x00000000       0x16 ./Sources/median.o
 .debug_macro   0x00000000       0x44 ./Sources/median.o
 .debug_macro   0x00000000      0x209 ./Sources/median.o
 .debug_macro   0x00000000       0x22 ./Sources/median.o
 .group         0x00000000        0x8 ./Sources/packet.o
 .group         0x00000000        0x8 ./Sources/packet.o
 .group         0x00000000        0x8 ./Sources/packet.o
 .group         0x00000000        0x8 ./Sources/packet.o
 .group         0x00000000        0x8 ./Sources/packet.o
 .group         0x00000000        0x8 ./Sources/packet.o
 .group         0x00000000        0x8 ./Sources/packet.o
 .group         0x00000000        0x8 ./Sources/packet.o
 .group         0x00000000        0x8 ./Sources/packet.o
 .group         0x00000000        0x8 ./Sources/packet.o
 .group         0x00000000        0x8 ./Sources/packet.o
 .group         0x00000000        0x8 ./Sources/packet.o
 .text          0x00000000        0x0 ./Sources/packet.o
 .data          0x00000000        0x0 ./Sources/packet.o
 .bss           0x00000000        0x0 ./Sources/packet.o
 .rodata.PACKET_ACK_MASK
                0x00000000        0x1 ./Sources/packet.o
 .debug_macro   0x00000000      0x850 ./Sources/packet.o
 .debug_macro   0x00000000       0x16 ./Sources/packet.o
 .debug_macro   0x00000000       0x44 ./Sources/packet.o
 .debug_macro   0x00000000      0x209 ./Sources/packet.o
 .debug_macro   0x00000000       0x22 ./Sources/packet.o
 .debug_macro   0x00000000    0x174c1 ./Sources/packet.o
 .debug_macro   0x00000000       0x2e ./Sources/packet.o
 .debug_macro   0x00000000     0x1800 ./Sources/packet.o
 .debug_macro   0x00000000      0x14e ./Sources/packet.o
 .debug_macro   0x00000000       0x64 ./Sources/packet.o
 .debug_macro   0x00000000       0x9a ./Sources/packet.o
 .group         0x00000000        0x8 ./Project_Settings/Startup_Code/startup.o
 .group         0x00000000        0x8 ./Project_Settings/Startup_Code/startup.o
 .group         0x00000000        0x8 ./Project_Settings/Startup_Code/startup.o
 .group         0x00000000        0x8 ./Project_Settings/Startup_Code/startup.o
 .group         0x00000000        0x8 ./Project_Settings/Startup_Code/startup.o
 .group         0x00000000        0x8 ./Project_Settings/Startup_Code/startup.o
 .group         0x00000000        0x8 ./Project_Settings/Startup_Code/startup.o
 .group         0x00000000        0x8 ./Project_Settings/Startup_Code/startup.o
 .group         0x00000000        0x8 ./Project_Settings/Startup_Code/startup.o
 .group         0x00000000        0x8 ./Project_Settings/Startup_Code/startup.o
 .group         0x00000000        0x8 ./Project_Settings/Startup_Code/startup.o
 .group         0x00000000        0x8 ./Project_Settings/Startup_Code/startup.o
 .group         0x00000000        0x8 ./Project_Settings/Startup_Code/startup.o
 .group         0x00000000        0x8 ./Project_Settings/Startup_Code/startup.o
 .group         0x00000000        0x8 ./Project_Settings/Startup_Code/startup.o
 .group         0x00000000        0x8 ./Project_Settings/Startup_Code/startup.o
 .group         0x00000000        0x8 ./Project_Settings/Startup_Code/startup.o
 .group         0x00000000        0x8 ./Project_Settings/Startup_Code/startup.o
 .group         0x00000000        0x8 ./Project_Settings/Startup_Code/startup.o
 .text          0x00000000        0x0 ./Project_Settings/Startup_Code/startup.o
 .data          0x00000000        0x0 ./Project_Settings/Startup_Code/startup.o
 .bss           0x00000000        0x0 ./Project_Settings/Startup_Code/startup.o
 .text.__init_hardware
                0x00000000        0xc ./Project_Settings/Startup_Code/startup.o
 .text.__iar_program_start
                0x00000000        0xc ./Project_Settings/Startup_Code/startup.o
 .debug_macro   0x00000000      0x850 ./Project_Settings/Startup_Code/startup.o
 .debug_macro   0x00000000       0x58 ./Project_Settings/Startup_Code/startup.o
 .debug_macro   0x00000000       0x16 ./Project_Settings/Startup_Code/startup.o
 .debug_macro   0x00000000       0x35 ./Project_Settings/Startup_Code/startup.o
 .debug_macro   0x00000000       0xa3 ./Project_Settings/Startup_Code/startup.o
 .debug_macro   0x00000000      0x166 ./Project_Settings/Startup_Code/startup.o
 .debug_macro   0x00000000       0x52 ./Project_Settings/Startup_Code/startup.o
 .debug_macro   0x00000000       0x16 ./Project_Settings/Startup_Code/startup.o
 .debug_macro   0x00000000       0x43 ./Project_Settings/Startup_Code/startup.o
 .debug_macro   0x00000000      0x180 ./Project_Settings/Startup_Code/startup.o
 .debug_macro   0x00000000      0x2a6 ./Project_Settings/Startup_Code/startup.o
 .debug_macro   0x00000000       0x10 ./Project_Settings/Startup_Code/startup.o
 .debug_macro   0x00000000       0x35 ./Project_Settings/Startup_Code/startup.o
 .debug_macro   0x00000000       0x16 ./Project_Settings/Startup_Code/startup.o
 .debug_macro   0x00000000       0x22 ./Project_Settings/Startup_Code/startup.o
 .group         0x00000000        0x8 ./Generated_Code/Cpu.o
 .group         0x00000000        0x8 ./Generated_Code/Cpu.o
 .group         0x00000000        0x8 ./Generated_Code/Cpu.o
 .group         0x00000000        0x8 ./Generated_Code/Cpu.o
 .group         0x00000000        0x8 ./Generated_Code/Cpu.o
 .group         0x00000000        0x8 ./Generated_Code/Cpu.o
 .group         0x00000000        0x8 ./Generated_Code/Cpu.o
 .group         0x00000000        0x8 ./Generated_Code/Cpu.o
 .group         0x00000000        0x8 ./Generated_Code/Cpu.o
 .text          0x00000000        0x0 ./Generated_Code/Cpu.o
 .data          0x00000000        0x0 ./Generated_Code/Cpu.o
 .bss           0x00000000        0x0 ./Generated_Code/Cpu.o
 .debug_macro   0x00000000      0x850 ./Generated_Code/Cpu.o
 .debug_macro   0x00000000       0x16 ./Generated_Code/Cpu.o
 .debug_macro   0x00000000       0x44 ./Generated_Code/Cpu.o
 .debug_macro   0x00000000      0x209 ./Generated_Code/Cpu.o
 .debug_macro   0x00000000     0x17fa ./Generated_Code/Cpu.o
 .debug_macro   0x00000000      0x14e ./Generated_Code/Cpu.o
 .debug_macro   0x00000000       0x64 ./Generated_Code/Cpu.o
 .debug_macro   0x00000000    0x174c1 ./Generated_Code/Cpu.o
 .group         0x00000000        0x8 ./Generated_Code/PE_LDD.o
 .group         0x00000000        0x8 ./Generated_Code/PE_LDD.o
 .group         0x00000000        0x8 ./Generated_Code/PE_LDD.o
 .group         0x00000000        0x8 ./Generated_Code/PE_LDD.o
 .group         0x00000000        0x8 ./Generated_Code/PE_LDD.o
 .group         0x00000000        0x8 ./Generated_Code/PE_LDD.o
 .group         0x00000000        0x8 ./Generated_Code/PE_LDD.o
 .group         0x00000000        0x8 ./Generated_Code/PE_LDD.o
 .group         0x00000000        0x8 ./Generated_Code/PE_LDD.o
 .text          0x00000000        0x0 ./Generated_Code/PE_LDD.o
 .data          0x00000000        0x0 ./Generated_Code/PE_LDD.o
 .bss           0x00000000        0x0 ./Generated_Code/PE_LDD.o
 .rodata.PE_CpuClockConfigurations
                0x00000000       0x28 ./Generated_Code/PE_LDD.o
 .text.PE_FillMemory
                0x00000000       0x24 ./Generated_Code/PE_LDD.o
 .text.PE_PeripheralUsed
                0x00000000       0x18 ./Generated_Code/PE_LDD.o
 .text.LDD_SetClockConfiguration
                0x00000000       0x14 ./Generated_Code/PE_LDD.o
 .debug_info    0x00000000      0x215 ./Generated_Code/PE_LDD.o
 .debug_abbrev  0x00000000       0xf3 ./Generated_Code/PE_LDD.o
 .debug_aranges
                0x00000000       0x30 ./Generated_Code/PE_LDD.o
 .debug_ranges  0x00000000       0x20 ./Generated_Code/PE_LDD.o
 .debug_macro   0x00000000       0x8f ./Generated_Code/PE_LDD.o
 .debug_macro   0x00000000      0x850 ./Generated_Code/PE_LDD.o
 .debug_macro   0x00000000       0x16 ./Generated_Code/PE_LDD.o
 .debug_macro   0x00000000       0x44 ./Generated_Code/PE_LDD.o
 .debug_macro   0x00000000      0x209 ./Generated_Code/PE_LDD.o
 .debug_macro   0x00000000     0x17fa ./Generated_Code/PE_LDD.o
 .debug_macro   0x00000000      0x14e ./Generated_Code/PE_LDD.o
 .debug_macro   0x00000000       0x64 ./Generated_Code/PE_LDD.o
 .debug_macro   0x00000000    0x174c1 ./Generated_Code/PE_LDD.o
 .debug_macro   0x00000000       0x9a ./Generated_Code/PE_LDD.o
 .debug_line    0x00000000      0x234 ./Generated_Code/PE_LDD.o
 .debug_str     0x00000000    0x8a784 ./Generated_Code/PE_LDD.o
 .comment       0x00000000       0x71 ./Generated_Code/PE_LDD.o
 .ARM.attributes
                0x00000000       0x39 ./Generated_Code/PE_LDD.o
 .debug_frame   0x00000000       0x64 ./Generated_Code/PE_LDD.o
 .group         0x00000000        0x8 ./Generated_Code/Vectors.o
 .group         0x00000000        0x8 ./Generated_Code/Vectors.o
 .group         0x00000000        0x8 ./Generated_Code/Vectors.o
 .group         0x00000000        0x8 ./Generated_Code/Vectors.o
 .group         0x00000000        0x8 ./Generated_Code/Vectors.o
 .group         0x00000000        0x8 ./Generated_Code/Vectors.o
 .group         0x00000000        0x8 ./Generated_Code/Vectors.o
 .group         0x00000000        0x8 ./Generated_Code/Vectors.o
 .group         0x00000000        0x8 ./Generated_Code/Vectors.o
 .group         0x00000000        0x8 ./Generated_Code/Vectors.o
 .text          0x00000000        0x0 ./Generated_Code/Vectors.o
 .data          0x00000000        0x0 ./Generated_Code/Vectors.o
 .bss           0x00000000        0x0 ./Generated_Code/Vectors.o
 .debug_macro   0x00000000      0x850 ./Generated_Code/Vectors.o
 .debug_macro   0x00000000       0x16 ./Generated_Code/Vectors.o
 .debug_macro   0x00000000       0x44 ./Generated_Code/Vectors.o
 .debug_macro   0x00000000      0x209 ./Generated_Code/Vectors.o
 .debug_macro   0x00000000     0x17fa ./Generated_Code/Vectors.o
 .debug_macro   0x00000000      0x14e ./Generated_Code/Vectors.o
 .debug_macro   0x00000000       0x64 ./Generated_Code/Vectors.o
 .debug_macro   0x00000000    0x174c1 ./Generated_Code/Vectors.o
 .debug_macro   0x00000000       0x9a ./Generated_Code/Vectors.o
 .debug_macro   0x00000000       0x22 ./Generated_Code/Vectors.o
 .group         0x00000000        0x8 ./Generated_Code/Vectors_Backup.o
 .text          0x00000000        0x0 ./Generated_Code/Vectors_Backup.o
 .data          0x00000000        0x0 ./Generated_Code/Vectors_Backup.o
 .bss           0x00000000        0x0 ./Generated_Code/Vectors_Backup.o
 .debug_info    0x00000000       0x21 ./Generated_Code/Vectors_Backup.o
 .debug_abbrev  0x00000000       0x13 ./Generated_Code/Vectors_Backup.o
 .debug_aranges
                0x00000000       0x18 ./Generated_Code/Vectors_Backup.o
 .debug_macro   0x00000000       0x11 ./Generated_Code/Vectors_Backup.o
 .debug_macro   0x00000000      0x850 ./Generated_Code/Vectors_Backup.o
 .debug_line    0x00000000       0x43 ./Generated_Code/Vectors_Backup.o
 .debug_str     0x00000000     0x2424 ./Generated_Code/Vectors_Backup.o
 .comment       0x00000000       0x71 ./Generated_Code/Vectors_Backup.o
 .ARM.attributes
                0x00000000       0x39 ./Generated_Code/Vectors_Backup.o
 .data          0x00000000        0x0 c:/freescale/kds_3.0.0/toolchain/bin/../lib/gcc/arm-none-eabi/4.8.4/armv7e-m/fpu\libgcc.a(_arm_addsubdf3.o)
 .bss           0x00000000        0x0 c:/freescale/kds_3.0.0/toolchain/bin/../lib/gcc/arm-none-eabi/4.8.4/armv7e-m/fpu\libgcc.a(_arm_addsubdf3.o)
 .data          0x00000000        0x0 c:/freescale/kds_3.0.0/toolchain/bin/../lib/gcc/arm-none-eabi/4.8.4/armv7e-m/fpu\libgcc.a(_arm_muldivdf3.o)
 .bss           0x00000000        0x0 c:/freescale/kds_3.0.0/toolchain/bin/../lib/gcc/arm-none-eabi/4.8.4/armv7e-m/fpu\libgcc.a(_arm_muldivdf3.o)
 .data          0x00000000        0x0 c:/freescale/kds_3.0.0/toolchain/bin/../lib/gcc/arm-none-eabi/4.8.4/armv7e-m/fpu\libgcc.a(_arm_fixunsdfsi.o)
 .bss           0x00000000        0x0 c:/freescale/kds_3.0.0/toolchain/bin/../lib/gcc/arm-none-eabi/4.8.4/armv7e-m/fpu\libgcc.a(_arm_fixunsdfsi.o)
 .text          0x00000000        0x0 c:/freescale/kds_3.0.0/toolchain/bin/../lib/gcc/arm-none-eabi/4.8.4/../../../../arm-none-eabi/lib/armv7e-m/fpu\libg_s.a(lib_a-exit.o)
 .data          0x00000000        0x0 c:/freescale/kds_3.0.0/toolchain/bin/../lib/gcc/arm-none-eabi/4.8.4/../../../../arm-none-eabi/lib/armv7e-m/fpu\libg_s.a(lib_a-exit.o)
 .bss           0x00000000        0x0 c:/freescale/kds_3.0.0/toolchain/bin/../lib/gcc/arm-none-eabi/4.8.4/../../../../arm-none-eabi/lib/armv7e-m/fpu\libg_s.a(lib_a-exit.o)
 .text          0x00000000        0x0 c:/freescale/kds_3.0.0/toolchain/bin/../lib/gcc/arm-none-eabi/4.8.4/../../../../arm-none-eabi/lib/armv7e-m/fpu\libg_s.a(lib_a-impure.o)
 .data          0x00000000        0x0 c:/freescale/kds_3.0.0/toolchain/bin/../lib/gcc/arm-none-eabi/4.8.4/../../../../arm-none-eabi/lib/armv7e-m/fpu\libg_s.a(lib_a-impure.o)
 .bss           0x00000000        0x0 c:/freescale/kds_3.0.0/toolchain/bin/../lib/gcc/arm-none-eabi/4.8.4/../../../../arm-none-eabi/lib/armv7e-m/fpu\libg_s.a(lib_a-impure.o)
 .data._impure_ptr
                0x00000000        0x4 c:/freescale/kds_3.0.0/toolchain/bin/../lib/gcc/arm-none-eabi/4.8.4/../../../../arm-none-eabi/lib/armv7e-m/fpu\libg_s.a(lib_a-impure.o)
 .text          0x00000000        0x0 c:/freescale/kds_3.0.0/toolchain/bin/../lib/gcc/arm-none-eabi/4.8.4/../../../../arm-none-eabi/lib/armv7e-m/fpu\libg_s.a(lib_a-init.o)
 .data          0x00000000        0x0 c:/freescale/kds_3.0.0/toolchain/bin/../lib/gcc/arm-none-eabi/4.8.4/../../../../arm-none-eabi/lib/armv7e-m/fpu\libg_s.a(lib_a-init.o)
 .bss           0x00000000        0x0 c:/freescale/kds_3.0.0/toolchain/bin/../lib/gcc/arm-none-eabi/4.8.4/../../../../arm-none-eabi/lib/armv7e-m/fpu\libg_s.a(lib_a-init.o)
 .text          0x00000000        0x0 c:/freescale/kds_3.0.0/toolchain/bin/../lib/gcc/arm-none-eabi/4.8.4/../../../../arm-none-eabi/lib/armv7e-m/fpu\libg_s.a(lib_a-memset.o)
 .data          0x00000000        0x0 c:/freescale/kds_3.0.0/toolchain/bin/../lib/gcc/arm-none-eabi/4.8.4/../../../../arm-none-eabi/lib/armv7e-m/fpu\libg_s.a(lib_a-memset.o)
 .bss           0x00000000        0x0 c:/freescale/kds_3.0.0/toolchain/bin/../lib/gcc/arm-none-eabi/4.8.4/../../../../arm-none-eabi/lib/armv7e-m/fpu\libg_s.a(lib_a-memset.o)
 .text          0x00000000        0x0 c:/freescale/kds_3.0.0/toolchain/bin/../lib/gcc/arm-none-eabi/4.8.4/../../../../arm-none-eabi/lib/armv7e-m/fpu\libnosys.a(_exit.o)
 .data          0x00000000        0x0 c:/freescale/kds_3.0.0/toolchain/bin/../lib/gcc/arm-none-eabi/4.8.4/../../../../arm-none-eabi/lib/armv7e-m/fpu\libnosys.a(_exit.o)
 .bss           0x00000000        0x0 c:/freescale/kds_3.0.0/toolchain/bin/../lib/gcc/arm-none-eabi/4.8.4/../../../../arm-none-eabi/lib/armv7e-m/fpu\libnosys.a(_exit.o)
 .text          0x00000000        0x0 c:/freescale/kds_3.0.0/toolchain/bin/../lib/gcc/arm-none-eabi/4.8.4/armv7e-m/fpu/crtend.o
 .data          0x00000000        0x0 c:/freescale/kds_3.0.0/toolchain/bin/../lib/gcc/arm-none-eabi/4.8.4/armv7e-m/fpu/crtend.o
 .bss           0x00000000        0x0 c:/freescale/kds_3.0.0/toolchain/bin/../lib/gcc/arm-none-eabi/4.8.4/armv7e-m/fpu/crtend.o
 .eh_frame      0x00000000        0x4 c:/freescale/kds_3.0.0/toolchain/bin/../lib/gcc/arm-none-eabi/4.8.4/armv7e-m/fpu/crtend.o
 .jcr           0x00000000        0x4 c:/freescale/kds_3.0.0/toolchain/bin/../lib/gcc/arm-none-eabi/4.8.4/armv7e-m/fpu/crtend.o
 .ARM.attributes
                0x00000000       0x34 c:/freescale/kds_3.0.0/toolchain/bin/../lib/gcc/arm-none-eabi/4.8.4/armv7e-m/fpu/crtend.o
 .text          0x00000000        0x0 c:/freescale/kds_3.0.0/toolchain/bin/../lib/gcc/arm-none-eabi/4.8.4/armv7e-m/fpu/crtn.o
 .data          0x00000000        0x0 c:/freescale/kds_3.0.0/toolchain/bin/../lib/gcc/arm-none-eabi/4.8.4/armv7e-m/fpu/crtn.o
 .bss           0x00000000        0x0 c:/freescale/kds_3.0.0/toolchain/bin/../lib/gcc/arm-none-eabi/4.8.4/armv7e-m/fpu/crtn.o

Memory Configuration

Name             Origin             Length             Attributes
m_interrupts     0x00000000         0x000001e8         xr
m_text           0x00000410         0x0007fbf0         xr
m_data           0x1fff0000         0x00010000         rw
m_data_20000000  0x20000000         0x00010000         rw
m_cfmprotrom     0x00000400         0x00000010         xr
*default*        0x00000000         0xffffffff

Linker script and memory map

LOAD c:/freescale/kds_3.0.0/toolchain/bin/../lib/gcc/arm-none-eabi/4.8.4/armv7e-m/fpu/crti.o
LOAD c:/freescale/kds_3.0.0/toolchain/bin/../lib/gcc/arm-none-eabi/4.8.4/armv7e-m/fpu/crtbegin.o
LOAD c:/freescale/kds_3.0.0/toolchain/bin/../lib/gcc/arm-none-eabi/4.8.4/../../../../arm-none-eabi/lib/armv7e-m/fpu/crt0.o
LOAD ./Sources/Events.o
LOAD ./Sources/FIFO.o
LOAD ./Sources/FTM.o
LOAD ./Sources/Flash.o
LOAD ./Sources/I2C.o
LOAD ./Sources/LEDs.o
LOAD ./Sources/PIT.o
LOAD ./Sources/RTC.o
LOAD ./Sources/UART.o
LOAD ./Sources/accel.o
LOAD ./Sources/main.o
LOAD ./Sources/median.o
LOAD ./Sources/packet.o
LOAD ./Project_Settings/Startup_Code/startup.o
LOAD ./Generated_Code/Cpu.o
LOAD ./Generated_Code/PE_LDD.o
LOAD ./Generated_Code/Vectors.o
LOAD ./Generated_Code/Vectors_Backup.o
LOAD c:/freescale/kds_3.0.0/toolchain/bin/../lib/gcc/arm-none-eabi/4.8.4/../../../../arm-none-eabi/lib/armv7e-m/fpu\libstdc++_s.a
LOAD c:/freescale/kds_3.0.0/toolchain/bin/../lib/gcc/arm-none-eabi/4.8.4/../../../../arm-none-eabi/lib/armv7e-m/fpu\libm.a
START GROUP
LOAD c:/freescale/kds_3.0.0/toolchain/bin/../lib/gcc/arm-none-eabi/4.8.4/armv7e-m/fpu\libgcc.a
LOAD c:/freescale/kds_3.0.0/toolchain/bin/../lib/gcc/arm-none-eabi/4.8.4/../../../../arm-none-eabi/lib/armv7e-m/fpu\libg_s.a
LOAD c:/freescale/kds_3.0.0/toolchain/bin/../lib/gcc/arm-none-eabi/4.8.4/../../../../arm-none-eabi/lib/armv7e-m/fpu\libc_s.a
END GROUP
START GROUP
LOAD c:/freescale/kds_3.0.0/toolchain/bin/../lib/gcc/arm-none-eabi/4.8.4/armv7e-m/fpu\libgcc.a
LOAD c:/freescale/kds_3.0.0/toolchain/bin/../lib/gcc/arm-none-eabi/4.8.4/../../../../arm-none-eabi/lib/armv7e-m/fpu\libc_s.a
LOAD c:/freescale/kds_3.0.0/toolchain/bin/../lib/gcc/arm-none-eabi/4.8.4/../../../../arm-none-eabi/lib/armv7e-m/fpu\libnosys.a
END GROUP
START GROUP
LOAD c:/freescale/kds_3.0.0/toolchain/bin/../lib/gcc/arm-none-eabi/4.8.4/armv7e-m/fpu\libgcc.a
LOAD c:/freescale/kds_3.0.0/toolchain/bin/../lib/gcc/arm-none-eabi/4.8.4/../../../../arm-none-eabi/lib/armv7e-m/fpu\libc_s.a
LOAD c:/freescale/kds_3.0.0/toolchain/bin/../lib/gcc/arm-none-eabi/4.8.4/../../../../arm-none-eabi/lib/armv7e-m/fpu\libnosys.a
END GROUP
LOAD c:/freescale/kds_3.0.0/toolchain/bin/../lib/gcc/arm-none-eabi/4.8.4/armv7e-m/fpu/crtend.o
LOAD c:/freescale/kds_3.0.0/toolchain/bin/../lib/gcc/arm-none-eabi/4.8.4/armv7e-m/fpu/crtn.o
                0x20000000                _estack = 0x20000000
                0x20000000                __SP_INIT = _estack
                0x20000000                __stack = _estack
                0x00000000                __heap_size = 0x0
                0x00000400                __stack_size = 0x400

.interrupts     0x00000000      0x1e8
                0x00000000                __vector_table = .
                0x00000000                . = ALIGN (0x4)
 *(.vectortable)
 .vectortable   0x00000000      0x1e8 ./Generated_Code/Vectors.o
                0x00000000                __vect_table
                0x000001e8                . = ALIGN (0x4)

.cfmprotect     0x00000400       0x10
                0x00000400                . = ALIGN (0x4)
 *(.cfmconfig)
 .cfmconfig     0x00000400       0x10 ./Generated_Code/Cpu.o
                0x00000400                _cfm
                0x00000410                . = ALIGN (0x4)

.text           0x00000410     0x31a0
                0x00000410                . = ALIGN (0x4)
 *(.text)
 .text          0x00000410       0x54 c:/freescale/kds_3.0.0/toolchain/bin/../lib/gcc/arm-none-eabi/4.8.4/armv7e-m/fpu/crtbegin.o
 .text          0x00000464       0x74 c:/freescale/kds_3.0.0/toolchain/bin/../lib/gcc/arm-none-eabi/4.8.4/../../../../arm-none-eabi/lib/armv7e-m/fpu/crt0.o
                0x00000464                _start
                0x00000464                _mainCRTStartup
 .text          0x000004d8      0x370 c:/freescale/kds_3.0.0/toolchain/bin/../lib/gcc/arm-none-eabi/4.8.4/armv7e-m/fpu\libgcc.a(_arm_addsubdf3.o)
                0x000004d8                __aeabi_drsub
                0x000004e0                __aeabi_dsub
                0x000004e0                __subdf3
                0x000004e4                __aeabi_dadd
                0x000004e4                __adddf3
                0x0000075c                __floatunsidf
                0x0000075c                __aeabi_ui2d
                0x0000077c                __floatsidf
                0x0000077c                __aeabi_i2d
                0x000007a0                __aeabi_f2d
                0x000007a0                __extendsfdf2
                0x000007dc                __floatundidf
                0x000007dc                __aeabi_ul2d
                0x000007ec                __floatdidf
                0x000007ec                __aeabi_l2d
 .text          0x00000848      0x424 c:/freescale/kds_3.0.0/toolchain/bin/../lib/gcc/arm-none-eabi/4.8.4/armv7e-m/fpu\libgcc.a(_arm_muldivdf3.o)
                0x00000848                __aeabi_dmul
                0x00000848                __muldf3
                0x00000a9c                __divdf3
                0x00000a9c                __aeabi_ddiv
 .text          0x00000c6c       0x40 c:/freescale/kds_3.0.0/toolchain/bin/../lib/gcc/arm-none-eabi/4.8.4/armv7e-m/fpu\libgcc.a(_arm_fixunsdfsi.o)
                0x00000c6c                __aeabi_d2uiz
                0x00000c6c                __fixunsdfsi
 *(.text*)
 .text.FIFO_Init
                0x00000cac       0x6c ./Sources/FIFO.o
                0x00000cac                FIFO_Init
 .text.FIFO_Put
                0x00000d18       0xc0 ./Sources/FIFO.o
                0x00000d18                FIFO_Put
 .text.FIFO_Get
                0x00000dd8       0xc0 ./Sources/FIFO.o
                0x00000dd8                FIFO_Get
 .text.FTM_Init
                0x00000e98       0x6c ./Sources/FTM.o
                0x00000e98                FTM_Init
 .text.FTM_Set  0x00000f04      0x1fc ./Sources/FTM.o
                0x00000f04                FTM_Set
 .text.FTM_StartTimer
                0x00001100       0xa0 ./Sources/FTM.o
                0x00001100                FTM_StartTimer
 .text.FTM0_ISR
                0x000011a0       0xb8 ./Sources/FTM.o
                0x000011a0                FTM0_ISR
 .text.Flash_Init
                0x00001258       0x2c ./Sources/Flash.o
                0x00001258                Flash_Init
 .text.Flash_AllocateVar
                0x00001284       0x90 ./Sources/Flash.o
                0x00001284                Flash_AllocateVar
 .text.Flash_Write16
                0x00001314       0x64 ./Sources/Flash.o
                0x00001314                Flash_Write16
 .text.Flash_Write8
                0x00001378       0x50 ./Sources/Flash.o
                0x00001378                Flash_Write8
 .text.Flash_Erase
                0x000013c8       0x40 ./Sources/Flash.o
                0x000013c8                Flash_Erase
 .text.ReadPhrase
                0x00001408       0x24 ./Sources/Flash.o
 .text.WritePhrase
                0x0000142c       0x9c ./Sources/Flash.o
 .text.WaitCCIF
                0x000014c8       0x20 ./Sources/Flash.o
 .text.SetCCIF  0x000014e8       0x20 ./Sources/Flash.o
 .text.waitForAck
                0x00001508       0x34 ./Sources/I2C.o
 .text.start    0x0000153c       0x34 ./Sources/I2C.o
 .text.stop     0x00001570       0x24 ./Sources/I2C.o
 .text.sendDeviceAddress
                0x00001594       0x20 ./Sources/I2C.o
 .text.sendRegisterAddress
                0x000015b4       0x20 ./Sources/I2C.o
 .text.waitTilIdle
                0x000015d4       0x20 ./Sources/I2C.o
 .text.I2C_Init
                0x000015f4      0x1f0 ./Sources/I2C.o
                0x000015f4                I2C_Init
 .text.I2C_SelectSlaveDevice
                0x000017e4       0x20 ./Sources/I2C.o
                0x000017e4                I2C_SelectSlaveDevice
 .text.I2C_Write
                0x00001804       0x5c ./Sources/I2C.o
                0x00001804                I2C_Write
 .text.I2C_PollRead
                0x00001860       0xc0 ./Sources/I2C.o
                0x00001860                I2C_PollRead
 .text.I2C_IntRead
                0x00001920       0xac ./Sources/I2C.o
                0x00001920                I2C_IntRead
 .text.I2C_ISR  0x000019cc      0x118 ./Sources/I2C.o
                0x000019cc                I2C_ISR
 .text.LEDs_Init
                0x00001ae4       0xb4 ./Sources/LEDs.o
                0x00001ae4                LEDs_Init
 .text.LEDs_On  0x00001b98       0x1c ./Sources/LEDs.o
                0x00001b98                LEDs_On
 .text.LEDs_Off
                0x00001bb4       0x1c ./Sources/LEDs.o
                0x00001bb4                LEDs_Off
 .text.LEDs_Toggle
                0x00001bd0       0x1c ./Sources/LEDs.o
                0x00001bd0                LEDs_Toggle
 .text.PIT_Init
                0x00001bec       0x90 ./Sources/PIT.o
                0x00001bec                PIT_Init
 *fill*         0x00001c7c        0x4 
 .text.PIT_Set  0x00001c80       0x78 ./Sources/PIT.o
                0x00001c80                PIT_Set
 .text.PIT_Enable
                0x00001cf8       0x40 ./Sources/PIT.o
                0x00001cf8                PIT_Enable
 .text.PIT_ISR  0x00001d38       0x48 ./Sources/PIT.o
                0x00001d38                PIT_ISR
 .text.RTC_Init
                0x00001d80      0x100 ./Sources/RTC.o
                0x00001d80                RTC_Init
 .text.RTC_Set  0x00001e80       0x5c ./Sources/RTC.o
                0x00001e80                RTC_Set
 .text.RTC_Get  0x00001edc       0x88 ./Sources/RTC.o
                0x00001edc                RTC_Get
 .text.RTC_ISR  0x00001f64       0x34 ./Sources/RTC.o
                0x00001f64                RTC_ISR
 .text.UART_Init
                0x00001f98      0x154 ./Sources/UART.o
                0x00001f98                UART_Init
 .text.UART_InChar
                0x000020ec       0x20 ./Sources/UART.o
                0x000020ec                UART_InChar
 .text.UART_OutChar
                0x0000210c       0x90 ./Sources/UART.o
                0x0000210c                UART_OutChar
 .text.UART_ISR
                0x0000219c       0x88 ./Sources/UART.o
                0x0000219c                UART_ISR
 .text.standbyMode
                0x00002224       0x48 ./Sources/accel.o
                0x00002224                standbyMode
 .text.Accel_Init
                0x0000226c      0x174 ./Sources/accel.o
                0x0000226c                Accel_Init
 .text.Accel_GetMode
                0x000023e0       0x18 ./Sources/accel.o
                0x000023e0                Accel_GetMode
 .text.Accel_ReadXYZ
                0x000023f8       0x38 ./Sources/accel.o
                0x000023f8                Accel_ReadXYZ
 .text.actualAccelReadDataBack
                0x00002430       0x28 ./Sources/accel.o
                0x00002430                actualAccelReadDataBack
 .text.Accel_SetMode
                0x00002458       0x54 ./Sources/accel.o
                0x00002458                Accel_SetMode
 .text.AccelDataReady_ISR
                0x000024ac       0x54 ./Sources/accel.o
                0x000024ac                AccelDataReady_ISR
 .text.SlidingWindow
                0x00002500       0x44 ./Sources/main.o
                0x00002500                SlidingWindow
 .text.HandleMedianData
                0x00002544      0x118 ./Sources/main.o
                0x00002544                HandleMedianData
 .text.TowerInit
                0x0000265c       0xb4 ./Sources/main.o
                0x0000265c                TowerInit
 .text.main     0x00002710       0x84 ./Sources/main.o
                0x00002710                main
 .text.RTCCallback
                0x00002794       0x38 ./Sources/main.o
                0x00002794                RTCCallback
 .text.PITCallback
                0x000027cc       0x40 ./Sources/main.o
                0x000027cc                PITCallback
 .text.FTM0Callback
                0x0000280c       0x18 ./Sources/main.o
                0x0000280c                FTM0Callback
 .text.Median_Filter3
                0x00002824       0x68 ./Sources/median.o
                0x00002824                Median_Filter3
 .text.Packet_Init
                0x0000288c       0x38 ./Sources/packet.o
                0x0000288c                Packet_Init
 .text.DataToFlash
                0x000028c4       0x7c ./Sources/packet.o
                0x000028c4                DataToFlash
 .text.Packet_Get
                0x00002940      0x1e0 ./Sources/packet.o
                0x00002940                Packet_Get
 .text.Packet_Put
                0x00002b20       0xa4 ./Sources/packet.o
                0x00002b20                Packet_Put
 .text.Packet_Handle
                0x00002bc4      0x398 ./Sources/packet.o
                0x00002bc4                Packet_Handle
 .text.PacketTest
                0x00002f5c       0x44 ./Sources/packet.o
                0x00002f5c                PacketTest
 .text.__copy_rom_section
                0x00002fa0       0xe4 ./Project_Settings/Startup_Code/startup.o
                0x00002fa0                __copy_rom_section
 .text.__copy_rom_sections_to_ram
                0x00003084       0x9c ./Project_Settings/Startup_Code/startup.o
                0x00003084                __copy_rom_sections_to_ram
 .text.__init_registers
                0x00003120       0x20 ./Project_Settings/Startup_Code/startup.o
                0x00003120                __init_registers
 .text.__init_user
                0x00003140        0xc ./Project_Settings/Startup_Code/startup.o
                0x00003140                __init_user
 .text.__thumb_startup
                0x0000314c       0x34 ./Project_Settings/Startup_Code/startup.o
                0x0000314c                __thumb_startup
 .text.Cpu_Interrupt
                0x00003180       0x18 ./Generated_Code/Cpu.o
                0x00003180                Cpu_Interrupt
 .text.__init_hardware
                0x00003198      0x1cc ./Generated_Code/Cpu.o
                0x00003198                __init_hardware
 .text.Cpu_SetBASEPRI
                0x00003364       0x18 ./Generated_Code/Cpu.o
                0x00003364                Cpu_SetBASEPRI
 .text.PE_low_level_init
                0x0000337c       0xe4 ./Generated_Code/Cpu.o
                0x0000337c                PE_low_level_init
 .text.exit     0x00003460       0x28 c:/freescale/kds_3.0.0/toolchain/bin/../lib/gcc/arm-none-eabi/4.8.4/../../../../arm-none-eabi/lib/armv7e-m/fpu\libg_s.a(lib_a-exit.o)
                0x00003460                exit
 .text.__libc_init_array
                0x00003488       0x4c c:/freescale/kds_3.0.0/toolchain/bin/../lib/gcc/arm-none-eabi/4.8.4/../../../../arm-none-eabi/lib/armv7e-m/fpu\libg_s.a(lib_a-init.o)
                0x00003488                __libc_init_array
 .text.memset   0x000034d4       0x10 c:/freescale/kds_3.0.0/toolchain/bin/../lib/gcc/arm-none-eabi/4.8.4/../../../../arm-none-eabi/lib/armv7e-m/fpu\libg_s.a(lib_a-memset.o)
                0x000034d4                memset
 .text._exit    0x000034e4        0x4 c:/freescale/kds_3.0.0/toolchain/bin/../lib/gcc/arm-none-eabi/4.8.4/../../../../arm-none-eabi/lib/armv7e-m/fpu\libnosys.a(_exit.o)
                0x000034e4                _exit
 *(.rodata)
 *(.rodata*)
 .rodata.mult.6949
                0x000034e8        0x4 ./Sources/I2C.o
 .rodata.scl.6950
                0x000034ec       0x80 ./Sources/I2C.o
 .rodata.I2C_ACCEL_MODULE
                0x0000356c       0x10 ./Sources/accel.o
 .rodata.ACCEL_SETUP
                0x0000357c       0x14 ./Sources/main.o
 .rodata.str1.1
                0x00003590        0x2 c:/freescale/kds_3.0.0/toolchain/bin/../lib/gcc/arm-none-eabi/4.8.4/../../../../arm-none-eabi/lib/armv7e-m/fpu\libg_s.a(lib_a-impure.o)
 *fill*         0x00003592        0x2 
 .rodata._global_impure_ptr
                0x00003594        0x4 c:/freescale/kds_3.0.0/toolchain/bin/../lib/gcc/arm-none-eabi/4.8.4/../../../../arm-none-eabi/lib/armv7e-m/fpu\libg_s.a(lib_a-impure.o)
                0x00003594                _global_impure_ptr
 *(.glue_7)
 .glue_7        0x00000000        0x0 linker stubs
 *(.glue_7t)
 .glue_7t       0x00000000        0x0 linker stubs
 *(.eh_frame)
 .eh_frame      0x00003598        0x0 c:/freescale/kds_3.0.0/toolchain/bin/../lib/gcc/arm-none-eabi/4.8.4/armv7e-m/fpu/crtbegin.o
 *(.init)
 .init          0x00003598        0x4 c:/freescale/kds_3.0.0/toolchain/bin/../lib/gcc/arm-none-eabi/4.8.4/armv7e-m/fpu/crti.o
                0x00003598                _init
 .init          0x0000359c        0x8 c:/freescale/kds_3.0.0/toolchain/bin/../lib/gcc/arm-none-eabi/4.8.4/armv7e-m/fpu/crtn.o
 *(.fini)
 .fini          0x000035a4        0x4 c:/freescale/kds_3.0.0/toolchain/bin/../lib/gcc/arm-none-eabi/4.8.4/armv7e-m/fpu/crti.o
                0x000035a4                _fini
 .fini          0x000035a8        0x8 c:/freescale/kds_3.0.0/toolchain/bin/../lib/gcc/arm-none-eabi/4.8.4/armv7e-m/fpu/crtn.o
                0x000035b0                . = ALIGN (0x4)
                0x000035b0                _etext = .

.vfp11_veneer   0x000035b0        0x0
 .vfp11_veneer  0x00000000        0x0 linker stubs

.v4_bx          0x000035b0        0x0
 .v4_bx         0x00000000        0x0 linker stubs

.iplt           0x000035b0        0x0
 .iplt          0x00000000        0x0 c:/freescale/kds_3.0.0/toolchain/bin/../lib/gcc/arm-none-eabi/4.8.4/armv7e-m/fpu/crtbegin.o

.ARM.extab
 *(.ARM.extab* .gnu.linkonce.armextab.*)

.ARM            0x000035b0        0x8
                0x000035b0                __exidx_start = .
 *(.ARM.exidx*)
 .ARM.exidx     0x000035b0        0x8 c:/freescale/kds_3.0.0/toolchain/bin/../lib/gcc/arm-none-eabi/4.8.4/../../../../arm-none-eabi/lib/armv7e-m/fpu/crt0.o
                0x000035b8                __exidx_end = .

.rel.dyn        0x000035b8        0x0
 .rel.iplt      0x00000000        0x0 c:/freescale/kds_3.0.0/toolchain/bin/../lib/gcc/arm-none-eabi/4.8.4/armv7e-m/fpu/crtbegin.o

.ctors          0x000035b8        0x0
                0x000035b8                __CTOR_LIST__ = .
 *crtbegin.o(.ctors)
 *(EXCLUDE_FILE(*crtend.o) .ctors)
 *(SORT(.ctors.*))
 *(.ctors)
                0x000035b8                __CTOR_END__ = .

.dtors          0x000035b8        0x0
                0x000035b8                __DTOR_LIST__ = .
 *crtbegin.o(.dtors)
 *(EXCLUDE_FILE(*crtend.o) .dtors)
 *(SORT(.dtors.*))
 *(.dtors)
                0x000035b8                __DTOR_END__ = .

.preinit_array  0x000035b8        0x0
                0x000035b8                PROVIDE (__preinit_array_start, .)
 *(.preinit_array*)
                0x000035b8                PROVIDE (__preinit_array_end, .)

.init_array     0x000035b8        0x4
                0x000035b8                PROVIDE (__init_array_start, .)
 *(SORT(.init_array.*))
 *(.init_array*)
 .init_array    0x000035b8        0x4 c:/freescale/kds_3.0.0/toolchain/bin/../lib/gcc/arm-none-eabi/4.8.4/armv7e-m/fpu/crtbegin.o
                0x000035bc                PROVIDE (__init_array_end, .)

.fini_array     0x000035bc        0x4
                0x000035bc                PROVIDE (__fini_array_start, .)
 *(SORT(.fini_array.*))
 *(.fini_array*)
 .fini_array    0x000035bc        0x4 c:/freescale/kds_3.0.0/toolchain/bin/../lib/gcc/arm-none-eabi/4.8.4/armv7e-m/fpu/crtbegin.o
                0x000035c0                PROVIDE (__fini_array_end, .)
                0x000035c0                ___ROM_AT = .

.data           0x1fff0000       0x74 load address 0x000035c0
                0x1fff0000                . = ALIGN (0x4)
                0x1fff0000                _sdata = .
 *(.data)
 *(.data*)
 .data.phrase_alloc
                0x1fff0000        0x1 ./Sources/Flash.o
                0x1fff0000                phrase_alloc
 .data.OKtoRead
                0x1fff0001        0x1 ./Sources/I2C.o
 *fill*         0x1fff0002        0x2 
 .data.packetTimer
                0x1fff0004       0x10 ./Sources/main.o
                0x1fff0004                packetTimer
 .data.impure_data
                0x1fff0014       0x60 c:/freescale/kds_3.0.0/toolchain/bin/../lib/gcc/arm-none-eabi/4.8.4/../../../../arm-none-eabi/lib/armv7e-m/fpu\libg_s.a(lib_a-impure.o)
                0x1fff0074                . = ALIGN (0x4)
                0x1fff0074                _edata = .
                0x00000074                ___data_size = (_edata - _sdata)
                0x00003634                ___m_data_20000000_ROMStart = (___ROM_AT + SIZEOF (.data))

.jcr            0x1fff0074        0x0 load address 0x00003634
 .jcr           0x1fff0074        0x0 c:/freescale/kds_3.0.0/toolchain/bin/../lib/gcc/arm-none-eabi/4.8.4/armv7e-m/fpu/crtbegin.o

.igot.plt       0x1fff0074        0x0 load address 0x00003634
 .igot.plt      0x00000000        0x0 c:/freescale/kds_3.0.0/toolchain/bin/../lib/gcc/arm-none-eabi/4.8.4/armv7e-m/fpu/crtbegin.o

.m_data_20000000
                0x20000000        0x0 load address 0x00003634
                0x20000000                . = ALIGN (0x4)
                0x20000000                ___m_data_20000000_RAMStart = .
 *(.m_data_20000000)
                0x20000000                ___m_data_20000000_RAMEnd = .
                0x20000000                . = ALIGN (0x4)
                0x00000000                ___m_data_20000000_ROMSize = (___m_data_20000000_RAMEnd - ___m_data_20000000_RAMStart)
                0x20000000                . = ALIGN (0x4)

.bss            0x1fff0074      0x2fc load address 0x00003634
                0x1fff0074                __START_BSS = .
                0x1fff0074                PROVIDE (__bss_start__, __START_BSS)
 *(.bss)
 .bss           0x1fff0074       0x1c c:/freescale/kds_3.0.0/toolchain/bin/../lib/gcc/arm-none-eabi/4.8.4/armv7e-m/fpu/crtbegin.o
 *(.bss*)
 .bss.FTMCallback
                0x1fff0090       0x20 ./Sources/FTM.o
 .bss.FTMArguments
                0x1fff00b0       0x20 ./Sources/FTM.o
 .bss.ReadCompleteUserArgumentsGlobal
                0x1fff00d0        0x4 ./Sources/I2C.o
 .bss.ReadCompleteCallbackGlobal
                0x1fff00d4        0x4 ./Sources/I2C.o
 .bss.SlaveAddress
                0x1fff00d8        0x1 ./Sources/I2C.o
 .bss.NumBytes  0x1fff00d9        0x1 ./Sources/I2C.o
 *fill*         0x1fff00da        0x2 
 .bss.ReceivedData
                0x1fff00dc        0x4 ./Sources/I2C.o
 .bss.iCount.6989
                0x1fff00e0        0x1 ./Sources/I2C.o
 *fill*         0x1fff00e1        0x3 
 .bss.PIT_moduleClk
                0x1fff00e4        0x4 ./Sources/PIT.o
 .bss.PITArguments
                0x1fff00e8        0x4 ./Sources/PIT.o
 .bss.PITCallback
                0x1fff00ec        0x4 ./Sources/PIT.o
 .bss.RTCArguments
                0x1fff00f0        0x4 ./Sources/RTC.o
 .bss.RTCCallback
                0x1fff00f4        0x4 ./Sources/RTC.o
 .bss.txData.6551
                0x1fff00f8        0x1 ./Sources/UART.o
 *fill*         0x1fff00f9        0x3 
 .bss.AccelModuleSetup
                0x1fff00fc       0x14 ./Sources/accel.o
 .bss.CurrentMode
                0x1fff0110        0x1 ./Sources/accel.o
 *fill*         0x1fff0111        0x3 
 .bss.CTRL_REG1_Union
                0x1fff0114        0x4 ./Sources/accel.o
 .bss.CTRL_REG3_Union
                0x1fff0118        0x4 ./Sources/accel.o
 .bss.CTRL_REG4_Union
                0x1fff011c        0x4 ./Sources/accel.o
 .bss.CTRL_REG5_Union
                0x1fff0120        0x4 ./Sources/accel.o
 .bss.DataCallback
                0x1fff0124        0x4 ./Sources/accel.o
 .bss.DataCallbackArgument
                0x1fff0128        0x4 ./Sources/accel.o
 .bss.ReadCallback
                0x1fff012c        0x4 ./Sources/accel.o
 .bss.ReadCallbackArgument
                0x1fff0130        0x4 ./Sources/accel.o
 .bss.AccReadData
                0x1fff0134        0x4 ./Sources/main.o
 .bss.AccelSendHistory
                0x1fff0138        0x4 ./Sources/main.o
 .bss.AccXHistory
                0x1fff013c        0x4 ./Sources/main.o
 .bss.AccYHistory
                0x1fff0140        0x4 ./Sources/main.o
 .bss.AccZHistory
                0x1fff0144        0x4 ./Sources/main.o
 .bss.packet_position
                0x1fff0148        0x1 ./Sources/packet.o
                0x1fff0148                packet_position
 .bss.SR_lock   0x1fff0149        0x1 ./Generated_Code/Cpu.o
                0x1fff0149                SR_lock
 *(COMMON)
 *fill*         0x1fff014a        0x2 
 COMMON         0x1fff014c      0x20e ./Sources/UART.o
                0x1fff014c                TxFIFO
                0x1fff0254                RxFIFO
 *fill*         0x1fff035a        0x2 
 COMMON         0x1fff035c       0x10 ./Sources/packet.o
                0x1fff035c                TowerNumber
                0x1fff0360                Packet
                0x1fff0368                TowerMode
 COMMON         0x1fff036c        0x1 ./Generated_Code/Cpu.o
                0x1fff036c                SR_reg
                0x1fff0370                . = ALIGN (0x4)
 *fill*         0x1fff036d        0x3 
                0x1fff0370                __END_BSS = .
                0x1fff0370                PROVIDE (__bss_end__, __END_BSS)
                0x00003634                _romp_at = ((___ROM_AT + SIZEOF (.data)) + SIZEOF (.m_data_20000000))

.romp           0x1fff0370       0x24 load address 0x00003634
                0x00003634                __S_romp = _romp_at
                0x1fff0370        0x4 LONG 0x35c0 ___ROM_AT
                0x1fff0374        0x4 LONG 0x1fff0000 _sdata
                0x1fff0378        0x4 LONG 0x74 ___data_size
                0x1fff037c        0x4 LONG 0x3634 ___m_data_20000000_ROMStart
                0x1fff0380        0x4 LONG 0x20000000 ___m_data_20000000_RAMStart
                0x1fff0384        0x4 LONG 0x0 ___m_data_20000000_ROMSize
                0x1fff0388        0x4 LONG 0x0
                0x1fff038c        0x4 LONG 0x0
                0x1fff0390        0x4 LONG 0x0

._user_heap_stack
                0x1fff0394      0x400 load address 0x00003658
                0x1fff0394                . = ALIGN (0x4)
                0x1fff0394                PROVIDE (end, .)
                0x1fff0394                PROVIDE (_end, .)
                0x1fff0394                __heap_addr = .
                0x1fff0394                __HeapBase = .
                0x1fff0394                . = (. + __heap_size)
                0x1fff0394                __HeapLimit = .
                0x1fff0794                . = (. + __stack_size)
 *fill*         0x1fff0394      0x400 
                0x1fff0794                . = ALIGN (0x4)

.ARM.attributes
                0x00000000       0x30
 *(.ARM.attributes)
 .ARM.attributes
                0x00000000       0x22 c:/freescale/kds_3.0.0/toolchain/bin/../lib/gcc/arm-none-eabi/4.8.4/armv7e-m/fpu/crti.o
 .ARM.attributes
                0x00000022       0x34 c:/freescale/kds_3.0.0/toolchain/bin/../lib/gcc/arm-none-eabi/4.8.4/armv7e-m/fpu/crtbegin.o
 .ARM.attributes
                0x00000056       0x20 c:/freescale/kds_3.0.0/toolchain/bin/../lib/gcc/arm-none-eabi/4.8.4/../../../../arm-none-eabi/lib/armv7e-m/fpu/crt0.o
 .ARM.attributes
                0x00000076       0x39 ./Sources/FIFO.o
 .ARM.attributes
                0x000000af       0x39 ./Sources/FTM.o
 .ARM.attributes
                0x000000e8       0x39 ./Sources/Flash.o
 .ARM.attributes
                0x00000121       0x39 ./Sources/I2C.o
 .ARM.attributes
                0x0000015a       0x39 ./Sources/LEDs.o
 .ARM.attributes
                0x00000193       0x39 ./Sources/PIT.o
 .ARM.attributes
                0x000001cc       0x39 ./Sources/RTC.o
 .ARM.attributes
                0x00000205       0x39 ./Sources/UART.o
 .ARM.attributes
                0x0000023e       0x39 ./Sources/accel.o
 .ARM.attributes
                0x00000277       0x39 ./Sources/main.o
 .ARM.attributes
                0x000002b0       0x39 ./Sources/median.o
 .ARM.attributes
                0x000002e9       0x39 ./Sources/packet.o
 .ARM.attributes
                0x00000322       0x39 ./Project_Settings/Startup_Code/startup.o
 .ARM.attributes
                0x0000035b       0x39 ./Generated_Code/Cpu.o
 .ARM.attributes
                0x00000394       0x39 ./Generated_Code/Vectors.o
 .ARM.attributes
                0x000003cd       0x22 c:/freescale/kds_3.0.0/toolchain/bin/../lib/gcc/arm-none-eabi/4.8.4/armv7e-m/fpu\libgcc.a(_arm_addsubdf3.o)
 .ARM.attributes
                0x000003ef       0x22 c:/freescale/kds_3.0.0/toolchain/bin/../lib/gcc/arm-none-eabi/4.8.4/armv7e-m/fpu\libgcc.a(_arm_muldivdf3.o)
 .ARM.attributes
                0x00000411       0x22 c:/freescale/kds_3.0.0/toolchain/bin/../lib/gcc/arm-none-eabi/4.8.4/armv7e-m/fpu\libgcc.a(_arm_fixunsdfsi.o)
 .ARM.attributes
                0x00000433       0x34 c:/freescale/kds_3.0.0/toolchain/bin/../lib/gcc/arm-none-eabi/4.8.4/../../../../arm-none-eabi/lib/armv7e-m/fpu\libg_s.a(lib_a-exit.o)
 .ARM.attributes
                0x00000467       0x34 c:/freescale/kds_3.0.0/toolchain/bin/../lib/gcc/arm-none-eabi/4.8.4/../../../../arm-none-eabi/lib/armv7e-m/fpu\libg_s.a(lib_a-impure.o)
 .ARM.attributes
                0x0000049b       0x34 c:/freescale/kds_3.0.0/toolchain/bin/../lib/gcc/arm-none-eabi/4.8.4/../../../../arm-none-eabi/lib/armv7e-m/fpu\libg_s.a(lib_a-init.o)
 .ARM.attributes
                0x000004cf       0x34 c:/freescale/kds_3.0.0/toolchain/bin/../lib/gcc/arm-none-eabi/4.8.4/../../../../arm-none-eabi/lib/armv7e-m/fpu\libg_s.a(lib_a-memset.o)
 .ARM.attributes
                0x00000503       0x34 c:/freescale/kds_3.0.0/toolchain/bin/../lib/gcc/arm-none-eabi/4.8.4/../../../../arm-none-eabi/lib/armv7e-m/fpu\libnosys.a(_exit.o)
 .ARM.attributes
                0x00000537       0x22 c:/freescale/kds_3.0.0/toolchain/bin/../lib/gcc/arm-none-eabi/4.8.4/armv7e-m/fpu/crtn.o
OUTPUT(Lab4.elf elf32-littlearm)

.debug_info     0x00000000     0x59b1
 .debug_info    0x00000000      0x220 ./Sources/FIFO.o
 .debug_info    0x00000220      0x75a ./Sources/FTM.o
 .debug_info    0x0000097a      0x755 ./Sources/Flash.o
 .debug_info    0x000010cf      0x8f1 ./Sources/I2C.o
 .debug_info    0x000019c0      0x490 ./Sources/LEDs.o
 .debug_info    0x00001e50      0x5a4 ./Sources/PIT.o
 .debug_info    0x000023f4      0x60a ./Sources/RTC.o
 .debug_info    0x000029fe      0x964 ./Sources/UART.o
 .debug_info    0x00003362      0xa4d ./Sources/accel.o
 .debug_info    0x00003daf      0x561 ./Sources/main.o
 .debug_info    0x00004310       0xd3 ./Sources/median.o
 .debug_info    0x000043e3      0x48d ./Sources/packet.o
 .debug_info    0x00004870      0x3b0 ./Project_Settings/Startup_Code/startup.o
 .debug_info    0x00004c20      0xc82 ./Generated_Code/Cpu.o
 .debug_info    0x000058a2      0x10f ./Generated_Code/Vectors.o

.debug_abbrev   0x00000000     0x15e1
 .debug_abbrev  0x00000000       0xfc ./Sources/FIFO.o
 .debug_abbrev  0x000000fc      0x1af ./Sources/FTM.o
 .debug_abbrev  0x000002ab      0x1d5 ./Sources/Flash.o
 .debug_abbrev  0x00000480      0x220 ./Sources/I2C.o
 .debug_abbrev  0x000006a0      0x144 ./Sources/LEDs.o
 .debug_abbrev  0x000007e4      0x16e ./Sources/PIT.o
 .debug_abbrev  0x00000952      0x15f ./Sources/RTC.o
 .debug_abbrev  0x00000ab1      0x1d6 ./Sources/UART.o
 .debug_abbrev  0x00000c87      0x20d ./Sources/accel.o
 .debug_abbrev  0x00000e94      0x1af ./Sources/main.o
 .debug_abbrev  0x00001043       0x6c ./Sources/median.o
 .debug_abbrev  0x000010af      0x180 ./Sources/packet.o
 .debug_abbrev  0x0000122f      0x189 ./Project_Settings/Startup_Code/startup.o
 .debug_abbrev  0x000013b8      0x185 ./Generated_Code/Cpu.o
 .debug_abbrev  0x0000153d       0xa4 ./Generated_Code/Vectors.o

.debug_aranges  0x00000000      0x3d0
 .debug_aranges
                0x00000000       0x30 ./Sources/FIFO.o
 .debug_aranges
                0x00000030       0x38 ./Sources/FTM.o
 .debug_aranges
                0x00000068       0x68 ./Sources/Flash.o
 .debug_aranges
                0x000000d0       0x78 ./Sources/I2C.o
 .debug_aranges
                0x00000148       0x38 ./Sources/LEDs.o
 .debug_aranges
                0x00000180       0x38 ./Sources/PIT.o
 .debug_aranges
                0x000001b8       0x38 ./Sources/RTC.o
 .debug_aranges
                0x000001f0       0x38 ./Sources/UART.o
 .debug_aranges
                0x00000228       0x50 ./Sources/accel.o
 .debug_aranges
                0x00000278       0x50 ./Sources/main.o
 .debug_aranges
                0x000002c8       0x20 ./Sources/median.o
 .debug_aranges
                0x000002e8       0x48 ./Sources/packet.o
 .debug_aranges
                0x00000330       0x50 ./Project_Settings/Startup_Code/startup.o
 .debug_aranges
                0x00000380       0x38 ./Generated_Code/Cpu.o
 .debug_aranges
                0x000003b8       0x18 ./Generated_Code/Vectors.o

.debug_ranges   0x00000000      0x2d8
 .debug_ranges  0x00000000       0x20 ./Sources/FIFO.o
 .debug_ranges  0x00000020       0x28 ./Sources/FTM.o
 .debug_ranges  0x00000048       0x58 ./Sources/Flash.o
 .debug_ranges  0x000000a0       0x68 ./Sources/I2C.o
 .debug_ranges  0x00000108       0x28 ./Sources/LEDs.o
 .debug_ranges  0x00000130       0x28 ./Sources/PIT.o
 .debug_ranges  0x00000158       0x28 ./Sources/RTC.o
 .debug_ranges  0x00000180       0x28 ./Sources/UART.o
 .debug_ranges  0x000001a8       0x40 ./Sources/accel.o
 .debug_ranges  0x000001e8       0x40 ./Sources/main.o
 .debug_ranges  0x00000228       0x10 ./Sources/median.o
 .debug_ranges  0x00000238       0x38 ./Sources/packet.o
 .debug_ranges  0x00000270       0x40 ./Project_Settings/Startup_Code/startup.o
 .debug_ranges  0x000002b0       0x28 ./Generated_Code/Cpu.o

.debug_macro    0x00000000    0x1a8df
 .debug_macro   0x00000000       0xa6 ./Sources/FIFO.o
 .debug_macro   0x000000a6       0x22 ./Sources/FIFO.o
 .debug_macro   0x000000c8     0x1800 ./Sources/FIFO.o
 .debug_macro   0x000018c8       0x7e ./Sources/FTM.o
 .debug_macro   0x00001946      0x121 ./Sources/Flash.o
 .debug_macro   0x00001a67       0x2e ./Sources/Flash.o
 .debug_macro   0x00001a95       0x58 ./Sources/Flash.o
 .debug_macro   0x00001aed       0x35 ./Sources/Flash.o
 .debug_macro   0x00001b22       0xa3 ./Sources/Flash.o
 .debug_macro   0x00001bc5      0x166 ./Sources/Flash.o
 .debug_macro   0x00001d2b       0x52 ./Sources/Flash.o
 .debug_macro   0x00001d7d       0x16 ./Sources/Flash.o
 .debug_macro   0x00001d93       0x43 ./Sources/Flash.o
 .debug_macro   0x00001dd6      0x180 ./Sources/Flash.o
 .debug_macro   0x00001f56      0x2a6 ./Sources/Flash.o
 .debug_macro   0x000021fc       0x10 ./Sources/Flash.o
 .debug_macro   0x0000220c       0x35 ./Sources/Flash.o
 .debug_macro   0x00002241      0x165 ./Sources/I2C.o
 .debug_macro   0x000023a6       0x16 ./Sources/I2C.o
 .debug_macro   0x000023bc      0x10e ./Sources/I2C.o
 .debug_macro   0x000024ca       0x7f ./Sources/I2C.o
 .debug_macro   0x00002549       0x22 ./Sources/I2C.o
 .debug_macro   0x0000256b       0x68 ./Sources/LEDs.o
 .debug_macro   0x000025d3       0x68 ./Sources/PIT.o
 .debug_macro   0x0000263b       0x76 ./Sources/RTC.o
 .debug_macro   0x000026b1       0xa6 ./Sources/UART.o
 .debug_macro   0x00002757      0x1e0 ./Sources/accel.o
 .debug_macro   0x00002937       0x9a ./Sources/accel.o
 .debug_macro   0x000029d1      0x1c2 ./Sources/main.o
 .debug_macro   0x00002b93       0x28 ./Sources/main.o
 .debug_macro   0x00002bbb       0xd0 ./Sources/main.o
 .debug_macro   0x00002c8b       0x5f ./Sources/median.o
 .debug_macro   0x00002cea       0xda ./Sources/packet.o
 .debug_macro   0x00002dc4       0xca ./Sources/packet.o
 .debug_macro   0x00002e8e      0x121 ./Project_Settings/Startup_Code/startup.o
 .debug_macro   0x00002faf       0x4a ./Project_Settings/Startup_Code/startup.o
 .debug_macro   0x00002ff9       0x16 ./Project_Settings/Startup_Code/startup.o
 .debug_macro   0x0000300f      0x20f ./Project_Settings/Startup_Code/startup.o
 .debug_macro   0x0000321e    0x174af ./Project_Settings/Startup_Code/startup.o
 .debug_macro   0x0001a6cd       0x84 ./Generated_Code/Cpu.o
 .debug_macro   0x0001a751       0xa0 ./Generated_Code/Cpu.o
 .debug_macro   0x0001a7f1       0xee ./Generated_Code/Vectors.o

.debug_line     0x00000000     0x2c26
 .debug_line    0x00000000      0x2c4 ./Sources/FIFO.o
 .debug_line    0x000002c4      0x25c ./Sources/FTM.o
 .debug_line    0x00000520      0x3c6 ./Sources/Flash.o
 .debug_line    0x000008e6      0x418 ./Sources/I2C.o
 .debug_line    0x00000cfe      0x215 ./Sources/LEDs.o
 .debug_line    0x00000f13      0x21d ./Sources/PIT.o
 .debug_line    0x00001130      0x26f ./Sources/RTC.o
 .debug_line    0x0000139f      0x2b8 ./Sources/UART.o
 .debug_line    0x00001657      0x304 ./Sources/accel.o
 .debug_line    0x0000195b      0x438 ./Sources/main.o
 .debug_line    0x00001d93      0x1bf ./Sources/median.o
 .debug_line    0x00001f52      0x3c8 ./Sources/packet.o
 .debug_line    0x0000231a      0x3c2 ./Project_Settings/Startup_Code/startup.o
 .debug_line    0x000026dc      0x272 ./Generated_Code/Cpu.o
 .debug_line    0x0000294e      0x2d8 ./Generated_Code/Vectors.o

.debug_str      0x00000000    0x8ec23
 .debug_str     0x00000000    0x8a568 ./Sources/FIFO.o
                              0x8a6d7 (size before relaxing)
 .debug_str     0x0008a568      0x3ed ./Sources/FTM.o
                              0x8311d (size before relaxing)
 .debug_str     0x0008a955     0x277d ./Sources/Flash.o
                              0x8562b (size before relaxing)
 .debug_str     0x0008d0d2      0x346 ./Sources/I2C.o
                              0x8c09a (size before relaxing)
 .debug_str     0x0008d418       0xa6 ./Sources/LEDs.o
                              0x82ee3 (size before relaxing)
 .debug_str     0x0008d4be       0xc7 ./Sources/PIT.o
                              0x82f46 (size before relaxing)
 .debug_str     0x0008d585       0xad ./Sources/RTC.o
                              0x82f24 (size before relaxing)
 .debug_str     0x0008d632      0x11d ./Sources/UART.o
                              0x8a95b (size before relaxing)
 .debug_str     0x0008d74f      0xacb ./Sources/accel.o
                              0x8b45e (size before relaxing)
 .debug_str     0x0008e21a      0x548 ./Sources/main.o
                              0x8d42d (size before relaxing)
 .debug_str     0x0008e762       0x23 ./Sources/median.o
                               0x2f7b (size before relaxing)
 .debug_str     0x0008e785      0x118 ./Sources/packet.o
                              0x8ad45 (size before relaxing)
 .debug_str     0x0008e89d      0x181 ./Project_Settings/Startup_Code/startup.o
                              0x853e7 (size before relaxing)
 .debug_str     0x0008ea1e      0x1e9 ./Generated_Code/Cpu.o
                              0x8aa18 (size before relaxing)
 .debug_str     0x0008ec07       0x1c ./Generated_Code/Vectors.o
                              0x8a6c0 (size before relaxing)

.comment        0x00000000       0x70
 .comment       0x00000000       0x70 ./Sources/FIFO.o
                                 0x71 (size before relaxing)
 .comment       0x00000000       0x71 ./Sources/FTM.o
 .comment       0x00000000       0x71 ./Sources/Flash.o
 .comment       0x00000000       0x71 ./Sources/I2C.o
 .comment       0x00000000       0x71 ./Sources/LEDs.o
 .comment       0x00000000       0x71 ./Sources/PIT.o
 .comment       0x00000000       0x71 ./Sources/RTC.o
 .comment       0x00000000       0x71 ./Sources/UART.o
 .comment       0x00000000       0x71 ./Sources/accel.o
 .comment       0x00000000       0x71 ./Sources/main.o
 .comment       0x00000000       0x71 ./Sources/median.o
 .comment       0x00000000       0x71 ./Sources/packet.o
 .comment       0x00000000       0x71 ./Project_Settings/Startup_Code/startup.o
 .comment       0x00000000       0x71 ./Generated_Code/Cpu.o
 .comment       0x00000000       0x71 ./Generated_Code/Vectors.o

.debug_frame    0x00000000      0xa58
 .debug_frame   0x00000000       0x64 ./Sources/FIFO.o
 .debug_frame   0x00000064       0x84 ./Sources/FTM.o
 .debug_frame   0x000000e8      0x138 ./Sources/Flash.o
 .debug_frame   0x00000220      0x16c ./Sources/I2C.o
 .debug_frame   0x0000038c       0x7c ./Sources/LEDs.o
 .debug_frame   0x00000408       0x90 ./Sources/PIT.o
 .debug_frame   0x00000498       0x88 ./Sources/RTC.o
 .debug_frame   0x00000520       0x94 ./Sources/UART.o
 .debug_frame   0x000005b4       0xf0 ./Sources/accel.o
 .debug_frame   0x000006a4       0xe8 ./Sources/main.o
 .debug_frame   0x0000078c       0x2c ./Sources/median.o
 .debug_frame   0x000007b8       0xcc ./Sources/packet.o
 .debug_frame   0x00000884       0xc0 ./Project_Settings/Startup_Code/startup.o
 .debug_frame   0x00000944       0x80 ./Generated_Code/Cpu.o
 .debug_frame   0x000009c4       0x28 c:/freescale/kds_3.0.0/toolchain/bin/../lib/gcc/arm-none-eabi/4.8.4/../../../../arm-none-eabi/lib/armv7e-m/fpu\libg_s.a(lib_a-exit.o)
 .debug_frame   0x000009ec       0x2c c:/freescale/kds_3.0.0/toolchain/bin/../lib/gcc/arm-none-eabi/4.8.4/../../../../arm-none-eabi/lib/armv7e-m/fpu\libg_s.a(lib_a-init.o)
 .debug_frame   0x00000a18       0x20 c:/freescale/kds_3.0.0/toolchain/bin/../lib/gcc/arm-none-eabi/4.8.4/../../../../arm-none-eabi/lib/armv7e-m/fpu\libg_s.a(lib_a-memset.o)
 .debug_frame   0x00000a38       0x20 c:/freescale/kds_3.0.0/toolchain/bin/../lib/gcc/arm-none-eabi/4.8.4/../../../../arm-none-eabi/lib/armv7e-m/fpu\libnosys.a(_exit.o)
