Archive member included because of file (symbol)

C:\Users\12195032\Documents\Lab5\OSExample\Library\libOS.a(OS.o)
                              ./Sources/main.o (OS_Init)
c:/freescale/kds_3.0.0/toolchain/bin/../lib/gcc/arm-none-eabi/4.8.4/armv7e-m/fpu\libgcc.a(_arm_addsubdf3.o)
                              ./Sources/PIT.o (__aeabi_ui2d)
c:/freescale/kds_3.0.0/toolchain/bin/../lib/gcc/arm-none-eabi/4.8.4/armv7e-m/fpu\libgcc.a(_arm_muldivdf3.o)
                              ./Sources/PIT.o (__aeabi_ddiv)
c:/freescale/kds_3.0.0/toolchain/bin/../lib/gcc/arm-none-eabi/4.8.4/armv7e-m/fpu\libgcc.a(_arm_fixunsdfsi.o)
                              ./Sources/PIT.o (__aeabi_d2uiz)
c:/freescale/kds_3.0.0/toolchain/bin/../lib/gcc/arm-none-eabi/4.8.4/../../../../arm-none-eabi/lib/armv7e-m/fpu\libg_s.a(lib_a-exit.o)
                              c:/freescale/kds_3.0.0/toolchain/bin/../lib/gcc/arm-none-eabi/4.8.4/../../../../arm-none-eabi/lib/armv7e-m/fpu/crt0.o (exit)
c:/freescale/kds_3.0.0/toolchain/bin/../lib/gcc/arm-none-eabi/4.8.4/../../../../arm-none-eabi/lib/armv7e-m/fpu\libg_s.a(lib_a-impure.o)
                              c:/freescale/kds_3.0.0/toolchain/bin/../lib/gcc/arm-none-eabi/4.8.4/../../../../arm-none-eabi/lib/armv7e-m/fpu\libg_s.a(lib_a-exit.o) (_global_impure_ptr)
c:/freescale/kds_3.0.0/toolchain/bin/../lib/gcc/arm-none-eabi/4.8.4/../../../../arm-none-eabi/lib/armv7e-m/fpu\libg_s.a(lib_a-init.o)
                              c:/freescale/kds_3.0.0/toolchain/bin/../lib/gcc/arm-none-eabi/4.8.4/../../../../arm-none-eabi/lib/armv7e-m/fpu/crt0.o (__libc_init_array)
c:/freescale/kds_3.0.0/toolchain/bin/../lib/gcc/arm-none-eabi/4.8.4/../../../../arm-none-eabi/lib/armv7e-m/fpu\libg_s.a(lib_a-memset.o)
                              c:/freescale/kds_3.0.0/toolchain/bin/../lib/gcc/arm-none-eabi/4.8.4/../../../../arm-none-eabi/lib/armv7e-m/fpu/crt0.o (memset)
c:/freescale/kds_3.0.0/toolchain/bin/../lib/gcc/arm-none-eabi/4.8.4/../../../../arm-none-eabi/lib/armv7e-m/fpu\libnosys.a(_exit.o)
                              c:/freescale/kds_3.0.0/toolchain/bin/../lib/gcc/arm-none-eabi/4.8.4/../../../../arm-none-eabi/lib/armv7e-m/fpu\libg_s.a(lib_a-exit.o) (_exit)

Allocating common symbols
Common symbol       size              file

RxSemaphore         0x4               ./Sources/UART.o
TowerNumber         0x4               ./Sources/packet.o
TxSemaphore         0x4               ./Sources/UART.o
Packet              0x5               ./Sources/packet.o
AccelSemaphore      0x4               ./Sources/accel.o
PITSemaphore        0x4               ./Sources/PIT.o
I2CSemaphore        0x4               ./Sources/I2C.o
FTM0Semaphore       0x4               ./Sources/FTM.o
RTCSemaphore        0x4               ./Sources/RTC.o
SR_reg              0x1               ./Generated_Code/Cpu.o
TowerMode           0x4               ./Sources/packet.o
PacketPutSemaphore  0x4               ./Sources/UART.o

Discarded input sections

 .text          0x00000000        0x0 c:/freescale/kds_3.0.0/toolchain/bin/../lib/gcc/arm-none-eabi/4.8.4/armv7e-m/fpu/crti.o
 .data          0x00000000        0x0 c:/freescale/kds_3.0.0/toolchain/bin/../lib/gcc/arm-none-eabi/4.8.4/armv7e-m/fpu/crti.o
 .bss           0x00000000        0x0 c:/freescale/kds_3.0.0/toolchain/bin/../lib/gcc/arm-none-eabi/4.8.4/armv7e-m/fpu/crti.o
 .data          0x00000000        0x4 c:/freescale/kds_3.0.0/toolchain/bin/../lib/gcc/arm-none-eabi/4.8.4/armv7e-m/fpu/crtbegin.o
 .data          0x00000000        0x0 c:/freescale/kds_3.0.0/toolchain/bin/../lib/gcc/arm-none-eabi/4.8.4/../../../../arm-none-eabi/lib/armv7e-m/fpu/crt0.o
 .bss           0x00000000        0x0 c:/freescale/kds_3.0.0/toolchain/bin/../lib/gcc/arm-none-eabi/4.8.4/../../../../arm-none-eabi/lib/armv7e-m/fpu/crt0.o
 .ARM.extab     0x00000000        0x0 c:/freescale/kds_3.0.0/toolchain/bin/../lib/gcc/arm-none-eabi/4.8.4/../../../../arm-none-eabi/lib/armv7e-m/fpu/crt0.o
 .group         0x00000000        0x8 ./Sources/Events.o
 .group         0x00000000        0x8 ./Sources/Events.o
 .group         0x00000000        0x8 ./Sources/Events.o
 .group         0x00000000        0x8 ./Sources/Events.o
 .group         0x00000000        0x8 ./Sources/Events.o
 .group         0x00000000        0x8 ./Sources/Events.o
 .group         0x00000000        0x8 ./Sources/Events.o
 .group         0x00000000        0x8 ./Sources/Events.o
 .group         0x00000000        0x8 ./Sources/Events.o
 .text          0x00000000        0x0 ./Sources/Events.o
 .data          0x00000000        0x0 ./Sources/Events.o
 .bss           0x00000000        0x0 ./Sources/Events.o
 .debug_info    0x00000000       0x7d ./Sources/Events.o
 .debug_abbrev  0x00000000       0x29 ./Sources/Events.o
 .debug_aranges
                0x00000000       0x18 ./Sources/Events.o
 .debug_macro   0x00000000       0x9f ./Sources/Events.o
 .debug_macro   0x00000000      0x850 ./Sources/Events.o
 .debug_macro   0x00000000       0x16 ./Sources/Events.o
 .debug_macro   0x00000000       0x44 ./Sources/Events.o
 .debug_macro   0x00000000      0x209 ./Sources/Events.o
 .debug_macro   0x00000000     0x17fa ./Sources/Events.o
 .debug_macro   0x00000000      0x14e ./Sources/Events.o
 .debug_macro   0x00000000       0x64 ./Sources/Events.o
 .debug_macro   0x00000000    0x174c1 ./Sources/Events.o
 .debug_macro   0x00000000       0x94 ./Sources/Events.o
 .debug_line    0x00000000      0x234 ./Sources/Events.o
 .debug_str     0x00000000    0x8a5e2 ./Sources/Events.o
 .comment       0x00000000       0x71 ./Sources/Events.o
 .ARM.attributes
                0x00000000       0x39 ./Sources/Events.o
 .group         0x00000000        0x8 ./Sources/FIFO.o
 .group         0x00000000        0x8 ./Sources/FIFO.o
 .group         0x00000000        0x8 ./Sources/FIFO.o
 .group         0x00000000        0x8 ./Sources/FIFO.o
 .group         0x00000000        0x8 ./Sources/FIFO.o
 .group         0x00000000        0x8 ./Sources/FIFO.o
 .group         0x00000000        0x8 ./Sources/FIFO.o
 .group         0x00000000        0x8 ./Sources/FIFO.o
 .group         0x00000000        0x8 ./Sources/FIFO.o
 .group         0x00000000        0x8 ./Sources/FIFO.o
 .group         0x00000000        0x8 ./Sources/FIFO.o
 .text          0x00000000        0x0 ./Sources/FIFO.o
 .data          0x00000000        0x0 ./Sources/FIFO.o
 .bss           0x00000000        0x0 ./Sources/FIFO.o
 .debug_macro   0x00000000      0x850 ./Sources/FIFO.o
 .debug_macro   0x00000000       0x16 ./Sources/FIFO.o
 .debug_macro   0x00000000       0x44 ./Sources/FIFO.o
 .debug_macro   0x00000000      0x209 ./Sources/FIFO.o
 .debug_macro   0x00000000      0x14e ./Sources/FIFO.o
 .debug_macro   0x00000000       0x64 ./Sources/FIFO.o
 .debug_macro   0x00000000    0x174c1 ./Sources/FIFO.o
 .debug_macro   0x00000000       0x94 ./Sources/FIFO.o
 .group         0x00000000        0x8 ./Sources/FTM.o
 .group         0x00000000        0x8 ./Sources/FTM.o
 .group         0x00000000        0x8 ./Sources/FTM.o
 .group         0x00000000        0x8 ./Sources/FTM.o
 .group         0x00000000        0x8 ./Sources/FTM.o
 .group         0x00000000        0x8 ./Sources/FTM.o
 .group         0x00000000        0x8 ./Sources/FTM.o
 .text          0x00000000        0x0 ./Sources/FTM.o
 .data          0x00000000        0x0 ./Sources/FTM.o
 .bss           0x00000000        0x0 ./Sources/FTM.o
 .debug_macro   0x00000000      0x850 ./Sources/FTM.o
 .debug_macro   0x00000000       0x16 ./Sources/FTM.o
 .debug_macro   0x00000000       0x44 ./Sources/FTM.o
 .debug_macro   0x00000000      0x209 ./Sources/FTM.o
 .debug_macro   0x00000000       0x22 ./Sources/FTM.o
 .debug_macro   0x00000000       0x36 ./Sources/FTM.o
 .debug_macro   0x00000000    0x174c1 ./Sources/FTM.o
 .group         0x00000000        0x8 ./Sources/Flash.o
 .group         0x00000000        0x8 ./Sources/Flash.o
 .group         0x00000000        0x8 ./Sources/Flash.o
 .group         0x00000000        0x8 ./Sources/Flash.o
 .group         0x00000000        0x8 ./Sources/Flash.o
 .group         0x00000000        0x8 ./Sources/Flash.o
 .group         0x00000000        0x8 ./Sources/Flash.o
 .group         0x00000000        0x8 ./Sources/Flash.o
 .group         0x00000000        0x8 ./Sources/Flash.o
 .group         0x00000000        0x8 ./Sources/Flash.o
 .group         0x00000000        0x8 ./Sources/Flash.o
 .group         0x00000000        0x8 ./Sources/Flash.o
 .group         0x00000000        0x8 ./Sources/Flash.o
 .group         0x00000000        0x8 ./Sources/Flash.o
 .group         0x00000000        0x8 ./Sources/Flash.o
 .group         0x00000000        0x8 ./Sources/Flash.o
 .group         0x00000000        0x8 ./Sources/Flash.o
 .group         0x00000000        0x8 ./Sources/Flash.o
 .text          0x00000000        0x0 ./Sources/Flash.o
 .data          0x00000000        0x0 ./Sources/Flash.o
 .bss           0x00000000        0x0 ./Sources/Flash.o
 .text.Flash_Write32
                0x00000000       0x64 ./Sources/Flash.o
 .debug_macro   0x00000000      0x850 ./Sources/Flash.o
 .debug_macro   0x00000000       0x16 ./Sources/Flash.o
 .debug_macro   0x00000000       0x44 ./Sources/Flash.o
 .debug_macro   0x00000000      0x209 ./Sources/Flash.o
 .debug_macro   0x00000000       0x22 ./Sources/Flash.o
 .debug_macro   0x00000000    0x174c1 ./Sources/Flash.o
 .group         0x00000000        0x8 ./Sources/I2C.o
 .group         0x00000000        0x8 ./Sources/I2C.o
 .group         0x00000000        0x8 ./Sources/I2C.o
 .group         0x00000000        0x8 ./Sources/I2C.o
 .group         0x00000000        0x8 ./Sources/I2C.o
 .group         0x00000000        0x8 ./Sources/I2C.o
 .group         0x00000000        0x8 ./Sources/I2C.o
 .group         0x00000000        0x8 ./Sources/I2C.o
 .group         0x00000000        0x8 ./Sources/I2C.o
 .group         0x00000000        0x8 ./Sources/I2C.o
 .group         0x00000000        0x8 ./Sources/I2C.o
 .group         0x00000000        0x8 ./Sources/I2C.o
 .group         0x00000000        0x8 ./Sources/I2C.o
 .group         0x00000000        0x8 ./Sources/I2C.o
 .group         0x00000000        0x8 ./Sources/I2C.o
 .group         0x00000000        0x8 ./Sources/I2C.o
 .group         0x00000000        0x8 ./Sources/I2C.o
 .group         0x00000000        0x8 ./Sources/I2C.o
 .group         0x00000000        0x8 ./Sources/I2C.o
 .group         0x00000000        0x8 ./Sources/I2C.o
 .group         0x00000000        0x8 ./Sources/I2C.o
 .group         0x00000000        0x8 ./Sources/I2C.o
 .text          0x00000000        0x0 ./Sources/I2C.o
 .data          0x00000000        0x0 ./Sources/I2C.o
 .bss           0x00000000        0x0 ./Sources/I2C.o
 .bss.RegisterAddress
                0x00000000        0x1 ./Sources/I2C.o
 .debug_macro   0x00000000      0x850 ./Sources/I2C.o
 .debug_macro   0x00000000       0x16 ./Sources/I2C.o
 .debug_macro   0x00000000       0x44 ./Sources/I2C.o
 .debug_macro   0x00000000      0x209 ./Sources/I2C.o
 .debug_macro   0x00000000       0x22 ./Sources/I2C.o
 .debug_macro   0x00000000       0x36 ./Sources/I2C.o
 .debug_macro   0x00000000    0x174c1 ./Sources/I2C.o
 .debug_macro   0x00000000     0x1800 ./Sources/I2C.o
 .debug_macro   0x00000000      0x14e ./Sources/I2C.o
 .debug_macro   0x00000000       0x64 ./Sources/I2C.o
 .debug_macro   0x00000000       0x94 ./Sources/I2C.o
 .debug_macro   0x00000000       0x58 ./Sources/I2C.o
 .debug_macro   0x00000000       0x35 ./Sources/I2C.o
 .debug_macro   0x00000000       0xa3 ./Sources/I2C.o
 .debug_macro   0x00000000       0x52 ./Sources/I2C.o
 .debug_macro   0x00000000       0x16 ./Sources/I2C.o
 .debug_macro   0x00000000       0x43 ./Sources/I2C.o
 .debug_macro   0x00000000      0x180 ./Sources/I2C.o
 .group         0x00000000        0x8 ./Sources/LEDs.o
 .group         0x00000000        0x8 ./Sources/LEDs.o
 .group         0x00000000        0x8 ./Sources/LEDs.o
 .group         0x00000000        0x8 ./Sources/LEDs.o
 .group         0x00000000        0x8 ./Sources/LEDs.o
 .group         0x00000000        0x8 ./Sources/LEDs.o
 .text          0x00000000        0x0 ./Sources/LEDs.o
 .data          0x00000000        0x0 ./Sources/LEDs.o
 .bss           0x00000000        0x0 ./Sources/LEDs.o
 .debug_macro   0x00000000      0x850 ./Sources/LEDs.o
 .debug_macro   0x00000000       0x16 ./Sources/LEDs.o
 .debug_macro   0x00000000       0x44 ./Sources/LEDs.o
 .debug_macro   0x00000000      0x209 ./Sources/LEDs.o
 .debug_macro   0x00000000       0x22 ./Sources/LEDs.o
 .debug_macro   0x00000000    0x174c1 ./Sources/LEDs.o
 .group         0x00000000        0x8 ./Sources/PIT.o
 .group         0x00000000        0x8 ./Sources/PIT.o
 .group         0x00000000        0x8 ./Sources/PIT.o
 .group         0x00000000        0x8 ./Sources/PIT.o
 .group         0x00000000        0x8 ./Sources/PIT.o
 .group         0x00000000        0x8 ./Sources/PIT.o
 .group         0x00000000        0x8 ./Sources/PIT.o
 .text          0x00000000        0x0 ./Sources/PIT.o
 .data          0x00000000        0x0 ./Sources/PIT.o
 .bss           0x00000000        0x0 ./Sources/PIT.o
 .debug_macro   0x00000000      0x850 ./Sources/PIT.o
 .debug_macro   0x00000000       0x16 ./Sources/PIT.o
 .debug_macro   0x00000000       0x44 ./Sources/PIT.o
 .debug_macro   0x00000000      0x209 ./Sources/PIT.o
 .debug_macro   0x00000000       0x22 ./Sources/PIT.o
 .debug_macro   0x00000000       0x36 ./Sources/PIT.o
 .debug_macro   0x00000000    0x174c1 ./Sources/PIT.o
 .group         0x00000000        0x8 ./Sources/RTC.o
 .group         0x00000000        0x8 ./Sources/RTC.o
 .group         0x00000000        0x8 ./Sources/RTC.o
 .group         0x00000000        0x8 ./Sources/RTC.o
 .group         0x00000000        0x8 ./Sources/RTC.o
 .group         0x00000000        0x8 ./Sources/RTC.o
 .group         0x00000000        0x8 ./Sources/RTC.o
 .text          0x00000000        0x0 ./Sources/RTC.o
 .data          0x00000000        0x0 ./Sources/RTC.o
 .bss           0x00000000        0x0 ./Sources/RTC.o
 .debug_macro   0x00000000      0x850 ./Sources/RTC.o
 .debug_macro   0x00000000       0x16 ./Sources/RTC.o
 .debug_macro   0x00000000       0x44 ./Sources/RTC.o
 .debug_macro   0x00000000      0x209 ./Sources/RTC.o
 .debug_macro   0x00000000       0x22 ./Sources/RTC.o
 .debug_macro   0x00000000       0x36 ./Sources/RTC.o
 .debug_macro   0x00000000    0x174c1 ./Sources/RTC.o
 .group         0x00000000        0x8 ./Sources/UART.o
 .group         0x00000000        0x8 ./Sources/UART.o
 .group         0x00000000        0x8 ./Sources/UART.o
 .group         0x00000000        0x8 ./Sources/UART.o
 .group         0x00000000        0x8 ./Sources/UART.o
 .group         0x00000000        0x8 ./Sources/UART.o
 .group         0x00000000        0x8 ./Sources/UART.o
 .group         0x00000000        0x8 ./Sources/UART.o
 .group         0x00000000        0x8 ./Sources/UART.o
 .group         0x00000000        0x8 ./Sources/UART.o
 .group         0x00000000        0x8 ./Sources/UART.o
 .group         0x00000000        0x8 ./Sources/UART.o
 .text          0x00000000        0x0 ./Sources/UART.o
 .data          0x00000000        0x0 ./Sources/UART.o
 .bss           0x00000000        0x0 ./Sources/UART.o
 .bss.txData.6670
                0x00000000        0x1 ./Sources/UART.o
 .debug_macro   0x00000000      0x850 ./Sources/UART.o
 .debug_macro   0x00000000       0x16 ./Sources/UART.o
 .debug_macro   0x00000000       0x44 ./Sources/UART.o
 .debug_macro   0x00000000      0x209 ./Sources/UART.o
 .debug_macro   0x00000000       0x22 ./Sources/UART.o
 .debug_macro   0x00000000       0x36 ./Sources/UART.o
 .debug_macro   0x00000000    0x174c1 ./Sources/UART.o
 .debug_macro   0x00000000     0x1800 ./Sources/UART.o
 .debug_macro   0x00000000      0x14e ./Sources/UART.o
 .debug_macro   0x00000000       0x64 ./Sources/UART.o
 .debug_macro   0x00000000       0x94 ./Sources/UART.o
 .group         0x00000000        0x8 ./Sources/accel.o
 .group         0x00000000        0x8 ./Sources/accel.o
 .group         0x00000000        0x8 ./Sources/accel.o
 .group         0x00000000        0x8 ./Sources/accel.o
 .group         0x00000000        0x8 ./Sources/accel.o
 .group         0x00000000        0x8 ./Sources/accel.o
 .group         0x00000000        0x8 ./Sources/accel.o
 .group         0x00000000        0x8 ./Sources/accel.o
 .group         0x00000000        0x8 ./Sources/accel.o
 .group         0x00000000        0x8 ./Sources/accel.o
 .group         0x00000000        0x8 ./Sources/accel.o
 .text          0x00000000        0x0 ./Sources/accel.o
 .data          0x00000000        0x0 ./Sources/accel.o
 .bss           0x00000000        0x0 ./Sources/accel.o
 .bss.INT_SOURCE_Union
                0x00000000        0x4 ./Sources/accel.o
 .debug_macro   0x00000000      0x850 ./Sources/accel.o
 .debug_macro   0x00000000       0x16 ./Sources/accel.o
 .debug_macro   0x00000000       0x44 ./Sources/accel.o
 .debug_macro   0x00000000      0x209 ./Sources/accel.o
 .debug_macro   0x00000000       0x22 ./Sources/accel.o
 .debug_macro   0x00000000       0x36 ./Sources/accel.o
 .debug_macro   0x00000000    0x174c1 ./Sources/accel.o
 .debug_macro   0x00000000     0x1800 ./Sources/accel.o
 .debug_macro   0x00000000      0x14e ./Sources/accel.o
 .debug_macro   0x00000000       0x64 ./Sources/accel.o
 .group         0x00000000        0x8 ./Sources/main.o
 .group         0x00000000        0x8 ./Sources/main.o
 .group         0x00000000        0x8 ./Sources/main.o
 .group         0x00000000        0x8 ./Sources/main.o
 .group         0x00000000        0x8 ./Sources/main.o
 .group         0x00000000        0x8 ./Sources/main.o
 .group         0x00000000        0x8 ./Sources/main.o
 .group         0x00000000        0x8 ./Sources/main.o
 .group         0x00000000        0x8 ./Sources/main.o
 .group         0x00000000        0x8 ./Sources/main.o
 .group         0x00000000        0x8 ./Sources/main.o
 .group         0x00000000        0x8 ./Sources/main.o
 .group         0x00000000        0x8 ./Sources/main.o
 .group         0x00000000        0x8 ./Sources/main.o
 .group         0x00000000        0x8 ./Sources/main.o
 .group         0x00000000        0x8 ./Sources/main.o
 .group         0x00000000        0x8 ./Sources/main.o
 .group         0x00000000        0x8 ./Sources/main.o
 .group         0x00000000        0x8 ./Sources/main.o
 .group         0x00000000        0x8 ./Sources/main.o
 .group         0x00000000        0x8 ./Sources/main.o
 .group         0x00000000        0x8 ./Sources/main.o
 .group         0x00000000        0x8 ./Sources/main.o
 .group         0x00000000        0x8 ./Sources/main.o
 .text          0x00000000        0x0 ./Sources/main.o
 .data          0x00000000        0x0 ./Sources/main.o
 .bss           0x00000000        0x0 ./Sources/main.o
 .rodata.BAUD_RATE
                0x00000000        0x4 ./Sources/main.o
 .rodata.MODULE_CLOCK
                0x00000000        0x4 ./Sources/main.o
 .bss.AccTimerRunningFlag
                0x00000000        0x1 ./Sources/main.o
 .debug_macro   0x00000000      0x850 ./Sources/main.o
 .debug_macro   0x00000000       0x16 ./Sources/main.o
 .debug_macro   0x00000000       0x44 ./Sources/main.o
 .debug_macro   0x00000000      0x209 ./Sources/main.o
 .debug_macro   0x00000000     0x17fa ./Sources/main.o
 .debug_macro   0x00000000      0x14e ./Sources/main.o
 .debug_macro   0x00000000       0x64 ./Sources/main.o
 .debug_macro   0x00000000    0x174c1 ./Sources/main.o
 .debug_macro   0x00000000       0x94 ./Sources/main.o
 .debug_macro   0x00000000       0x22 ./Sources/main.o
 .debug_macro   0x00000000       0x36 ./Sources/main.o
 .debug_macro   0x00000000       0x58 ./Sources/main.o
 .debug_macro   0x00000000       0x35 ./Sources/main.o
 .debug_macro   0x00000000       0xa3 ./Sources/main.o
 .debug_macro   0x00000000      0x166 ./Sources/main.o
 .debug_macro   0x00000000       0x52 ./Sources/main.o
 .debug_macro   0x00000000       0x16 ./Sources/main.o
 .debug_macro   0x00000000       0x43 ./Sources/main.o
 .debug_macro   0x00000000      0x180 ./Sources/main.o
 .debug_macro   0x00000000      0x2a6 ./Sources/main.o
 .debug_macro   0x00000000       0x10 ./Sources/main.o
 .debug_macro   0x00000000       0x35 ./Sources/main.o
 .group         0x00000000        0x8 ./Sources/main_ORIGINAL.o
 .text          0x00000000        0x0 ./Sources/main_ORIGINAL.o
 .data          0x00000000        0x0 ./Sources/main_ORIGINAL.o
 .bss           0x00000000        0x0 ./Sources/main_ORIGINAL.o
 .debug_info    0x00000000       0x21 ./Sources/main_ORIGINAL.o
 .debug_abbrev  0x00000000       0x13 ./Sources/main_ORIGINAL.o
 .debug_aranges
                0x00000000       0x18 ./Sources/main_ORIGINAL.o
 .debug_macro   0x00000000       0x11 ./Sources/main_ORIGINAL.o
 .debug_macro   0x00000000      0x850 ./Sources/main_ORIGINAL.o
 .debug_line    0x00000000       0x3b ./Sources/main_ORIGINAL.o
 .debug_str     0x00000000     0x2426 ./Sources/main_ORIGINAL.o
 .comment       0x00000000       0x71 ./Sources/main_ORIGINAL.o
 .ARM.attributes
                0x00000000       0x39 ./Sources/main_ORIGINAL.o
 .group         0x00000000        0x8 ./Sources/median.o
 .group         0x00000000        0x8 ./Sources/median.o
 .group         0x00000000        0x8 ./Sources/median.o
 .group         0x00000000        0x8 ./Sources/median.o
 .group         0x00000000        0x8 ./Sources/median.o
 .text          0x00000000        0x0 ./Sources/median.o
 .data          0x00000000        0x0 ./Sources/median.o
 .bss           0x00000000        0x0 ./Sources/median.o
 .debug_macro   0x00000000      0x850 ./Sources/median.o
 .debug_macro   0x00000000       0x16 ./Sources/median.o
 .debug_macro   0x00000000       0x44 ./Sources/median.o
 .debug_macro   0x00000000      0x209 ./Sources/median.o
 .debug_macro   0x00000000       0x22 ./Sources/median.o
 .group         0x00000000        0x8 ./Sources/packet.o
 .group         0x00000000        0x8 ./Sources/packet.o
 .group         0x00000000        0x8 ./Sources/packet.o
 .group         0x00000000        0x8 ./Sources/packet.o
 .group         0x00000000        0x8 ./Sources/packet.o
 .group         0x00000000        0x8 ./Sources/packet.o
 .group         0x00000000        0x8 ./Sources/packet.o
 .group         0x00000000        0x8 ./Sources/packet.o
 .group         0x00000000        0x8 ./Sources/packet.o
 .group         0x00000000        0x8 ./Sources/packet.o
 .group         0x00000000        0x8 ./Sources/packet.o
 .group         0x00000000        0x8 ./Sources/packet.o
 .group         0x00000000        0x8 ./Sources/packet.o
 .text          0x00000000        0x0 ./Sources/packet.o
 .data          0x00000000        0x0 ./Sources/packet.o
 .bss           0x00000000        0x0 ./Sources/packet.o
 .rodata.PACKET_ACK_MASK
                0x00000000        0x1 ./Sources/packet.o
 .debug_macro   0x00000000      0x850 ./Sources/packet.o
 .debug_macro   0x00000000       0x16 ./Sources/packet.o
 .debug_macro   0x00000000       0x44 ./Sources/packet.o
 .debug_macro   0x00000000      0x209 ./Sources/packet.o
 .debug_macro   0x00000000       0x22 ./Sources/packet.o
 .debug_macro   0x00000000       0x36 ./Sources/packet.o
 .debug_macro   0x00000000       0xca ./Sources/packet.o
 .debug_macro   0x00000000    0x174c1 ./Sources/packet.o
 .debug_macro   0x00000000       0x2e ./Sources/packet.o
 .debug_macro   0x00000000     0x1800 ./Sources/packet.o
 .debug_macro   0x00000000      0x14e ./Sources/packet.o
 .debug_macro   0x00000000       0x64 ./Sources/packet.o
 .debug_macro   0x00000000       0x94 ./Sources/packet.o
 .group         0x00000000        0x8 ./Project_Settings/Startup_Code/startup.o
 .group         0x00000000        0x8 ./Project_Settings/Startup_Code/startup.o
 .group         0x00000000        0x8 ./Project_Settings/Startup_Code/startup.o
 .group         0x00000000        0x8 ./Project_Settings/Startup_Code/startup.o
 .group         0x00000000        0x8 ./Project_Settings/Startup_Code/startup.o
 .group         0x00000000        0x8 ./Project_Settings/Startup_Code/startup.o
 .group         0x00000000        0x8 ./Project_Settings/Startup_Code/startup.o
 .group         0x00000000        0x8 ./Project_Settings/Startup_Code/startup.o
 .group         0x00000000        0x8 ./Project_Settings/Startup_Code/startup.o
 .group         0x00000000        0x8 ./Project_Settings/Startup_Code/startup.o
 .group         0x00000000        0x8 ./Project_Settings/Startup_Code/startup.o
 .group         0x00000000        0x8 ./Project_Settings/Startup_Code/startup.o
 .group         0x00000000        0x8 ./Project_Settings/Startup_Code/startup.o
 .group         0x00000000        0x8 ./Project_Settings/Startup_Code/startup.o
 .group         0x00000000        0x8 ./Project_Settings/Startup_Code/startup.o
 .group         0x00000000        0x8 ./Project_Settings/Startup_Code/startup.o
 .group         0x00000000        0x8 ./Project_Settings/Startup_Code/startup.o
 .group         0x00000000        0x8 ./Project_Settings/Startup_Code/startup.o
 .group         0x00000000        0x8 ./Project_Settings/Startup_Code/startup.o
 .text          0x00000000        0x0 ./Project_Settings/Startup_Code/startup.o
 .data          0x00000000        0x0 ./Project_Settings/Startup_Code/startup.o
 .bss           0x00000000        0x0 ./Project_Settings/Startup_Code/startup.o
 .text.__init_hardware
                0x00000000        0xc ./Project_Settings/Startup_Code/startup.o
 .text.__iar_program_start
                0x00000000        0xc ./Project_Settings/Startup_Code/startup.o
 .debug_macro   0x00000000      0x850 ./Project_Settings/Startup_Code/startup.o
 .debug_macro   0x00000000       0x58 ./Project_Settings/Startup_Code/startup.o
 .debug_macro   0x00000000       0x16 ./Project_Settings/Startup_Code/startup.o
 .debug_macro   0x00000000       0x35 ./Project_Settings/Startup_Code/startup.o
 .debug_macro   0x00000000       0xa3 ./Project_Settings/Startup_Code/startup.o
 .debug_macro   0x00000000      0x166 ./Project_Settings/Startup_Code/startup.o
 .debug_macro   0x00000000       0x52 ./Project_Settings/Startup_Code/startup.o
 .debug_macro   0x00000000       0x16 ./Project_Settings/Startup_Code/startup.o
 .debug_macro   0x00000000       0x43 ./Project_Settings/Startup_Code/startup.o
 .debug_macro   0x00000000      0x180 ./Project_Settings/Startup_Code/startup.o
 .debug_macro   0x00000000      0x2a6 ./Project_Settings/Startup_Code/startup.o
 .debug_macro   0x00000000       0x10 ./Project_Settings/Startup_Code/startup.o
 .debug_macro   0x00000000       0x35 ./Project_Settings/Startup_Code/startup.o
 .debug_macro   0x00000000       0x16 ./Project_Settings/Startup_Code/startup.o
 .debug_macro   0x00000000       0x22 ./Project_Settings/Startup_Code/startup.o
 .group         0x00000000        0x8 ./Generated_Code/Cpu.o
 .group         0x00000000        0x8 ./Generated_Code/Cpu.o
 .group         0x00000000        0x8 ./Generated_Code/Cpu.o
 .group         0x00000000        0x8 ./Generated_Code/Cpu.o
 .group         0x00000000        0x8 ./Generated_Code/Cpu.o
 .group         0x00000000        0x8 ./Generated_Code/Cpu.o
 .group         0x00000000        0x8 ./Generated_Code/Cpu.o
 .group         0x00000000        0x8 ./Generated_Code/Cpu.o
 .group         0x00000000        0x8 ./Generated_Code/Cpu.o
 .text          0x00000000        0x0 ./Generated_Code/Cpu.o
 .data          0x00000000        0x0 ./Generated_Code/Cpu.o
 .bss           0x00000000        0x0 ./Generated_Code/Cpu.o
 .debug_macro   0x00000000      0x850 ./Generated_Code/Cpu.o
 .debug_macro   0x00000000       0x16 ./Generated_Code/Cpu.o
 .debug_macro   0x00000000       0x44 ./Generated_Code/Cpu.o
 .debug_macro   0x00000000      0x209 ./Generated_Code/Cpu.o
 .debug_macro   0x00000000     0x17fa ./Generated_Code/Cpu.o
 .debug_macro   0x00000000      0x14e ./Generated_Code/Cpu.o
 .debug_macro   0x00000000       0x64 ./Generated_Code/Cpu.o
 .debug_macro   0x00000000    0x174c1 ./Generated_Code/Cpu.o
 .group         0x00000000        0x8 ./Generated_Code/PE_LDD.o
 .group         0x00000000        0x8 ./Generated_Code/PE_LDD.o
 .group         0x00000000        0x8 ./Generated_Code/PE_LDD.o
 .group         0x00000000        0x8 ./Generated_Code/PE_LDD.o
 .group         0x00000000        0x8 ./Generated_Code/PE_LDD.o
 .group         0x00000000        0x8 ./Generated_Code/PE_LDD.o
 .group         0x00000000        0x8 ./Generated_Code/PE_LDD.o
 .group         0x00000000        0x8 ./Generated_Code/PE_LDD.o
 .group         0x00000000        0x8 ./Generated_Code/PE_LDD.o
 .text          0x00000000        0x0 ./Generated_Code/PE_LDD.o
 .data          0x00000000        0x0 ./Generated_Code/PE_LDD.o
 .bss           0x00000000        0x0 ./Generated_Code/PE_LDD.o
 .rodata.PE_CpuClockConfigurations
                0x00000000       0x28 ./Generated_Code/PE_LDD.o
 .text.PE_FillMemory
                0x00000000       0x24 ./Generated_Code/PE_LDD.o
 .text.PE_PeripheralUsed
                0x00000000       0x18 ./Generated_Code/PE_LDD.o
 .text.LDD_SetClockConfiguration
                0x00000000       0x14 ./Generated_Code/PE_LDD.o
 .debug_info    0x00000000      0x215 ./Generated_Code/PE_LDD.o
 .debug_abbrev  0x00000000       0xf3 ./Generated_Code/PE_LDD.o
 .debug_aranges
                0x00000000       0x30 ./Generated_Code/PE_LDD.o
 .debug_ranges  0x00000000       0x20 ./Generated_Code/PE_LDD.o
 .debug_macro   0x00000000       0x8f ./Generated_Code/PE_LDD.o
 .debug_macro   0x00000000      0x850 ./Generated_Code/PE_LDD.o
 .debug_macro   0x00000000       0x16 ./Generated_Code/PE_LDD.o
 .debug_macro   0x00000000       0x44 ./Generated_Code/PE_LDD.o
 .debug_macro   0x00000000      0x209 ./Generated_Code/PE_LDD.o
 .debug_macro   0x00000000     0x17fa ./Generated_Code/PE_LDD.o
 .debug_macro   0x00000000      0x14e ./Generated_Code/PE_LDD.o
 .debug_macro   0x00000000       0x64 ./Generated_Code/PE_LDD.o
 .debug_macro   0x00000000    0x174c1 ./Generated_Code/PE_LDD.o
 .debug_macro   0x00000000       0x94 ./Generated_Code/PE_LDD.o
 .debug_line    0x00000000      0x23e ./Generated_Code/PE_LDD.o
 .debug_str     0x00000000    0x8a777 ./Generated_Code/PE_LDD.o
 .comment       0x00000000       0x71 ./Generated_Code/PE_LDD.o
 .ARM.attributes
                0x00000000       0x39 ./Generated_Code/PE_LDD.o
 .debug_frame   0x00000000       0x64 ./Generated_Code/PE_LDD.o
 .group         0x00000000        0x8 ./Generated_Code/Vectors.o
 .group         0x00000000        0x8 ./Generated_Code/Vectors.o
 .group         0x00000000        0x8 ./Generated_Code/Vectors.o
 .group         0x00000000        0x8 ./Generated_Code/Vectors.o
 .group         0x00000000        0x8 ./Generated_Code/Vectors.o
 .group         0x00000000        0x8 ./Generated_Code/Vectors.o
 .group         0x00000000        0x8 ./Generated_Code/Vectors.o
 .group         0x00000000        0x8 ./Generated_Code/Vectors.o
 .group         0x00000000        0x8 ./Generated_Code/Vectors.o
 .group         0x00000000        0x8 ./Generated_Code/Vectors.o
 .group         0x00000000        0x8 ./Generated_Code/Vectors.o
 .text          0x00000000        0x0 ./Generated_Code/Vectors.o
 .data          0x00000000        0x0 ./Generated_Code/Vectors.o
 .bss           0x00000000        0x0 ./Generated_Code/Vectors.o
 .debug_macro   0x00000000      0x850 ./Generated_Code/Vectors.o
 .debug_macro   0x00000000       0x16 ./Generated_Code/Vectors.o
 .debug_macro   0x00000000       0x44 ./Generated_Code/Vectors.o
 .debug_macro   0x00000000      0x209 ./Generated_Code/Vectors.o
 .debug_macro   0x00000000     0x17fa ./Generated_Code/Vectors.o
 .debug_macro   0x00000000      0x14e ./Generated_Code/Vectors.o
 .debug_macro   0x00000000       0x64 ./Generated_Code/Vectors.o
 .debug_macro   0x00000000    0x174c1 ./Generated_Code/Vectors.o
 .debug_macro   0x00000000       0x94 ./Generated_Code/Vectors.o
 .debug_macro   0x00000000       0x22 ./Generated_Code/Vectors.o
 .group         0x00000000        0x8 ./Generated_Code/Vectors_Backup.o
 .text          0x00000000        0x0 ./Generated_Code/Vectors_Backup.o
 .data          0x00000000        0x0 ./Generated_Code/Vectors_Backup.o
 .bss           0x00000000        0x0 ./Generated_Code/Vectors_Backup.o
 .debug_info    0x00000000       0x21 ./Generated_Code/Vectors_Backup.o
 .debug_abbrev  0x00000000       0x13 ./Generated_Code/Vectors_Backup.o
 .debug_aranges
                0x00000000       0x18 ./Generated_Code/Vectors_Backup.o
 .debug_macro   0x00000000       0x11 ./Generated_Code/Vectors_Backup.o
 .debug_macro   0x00000000      0x850 ./Generated_Code/Vectors_Backup.o
 .debug_line    0x00000000       0x43 ./Generated_Code/Vectors_Backup.o
 .debug_str     0x00000000     0x242e ./Generated_Code/Vectors_Backup.o
 .comment       0x00000000       0x71 ./Generated_Code/Vectors_Backup.o
 .ARM.attributes
                0x00000000       0x39 ./Generated_Code/Vectors_Backup.o
 .group         0x00000000        0x8 C:\Users\12195032\Documents\Lab5\OSExample\Library\libOS.a(OS.o)
 .group         0x00000000        0x8 C:\Users\12195032\Documents\Lab5\OSExample\Library\libOS.a(OS.o)
 .group         0x00000000        0x8 C:\Users\12195032\Documents\Lab5\OSExample\Library\libOS.a(OS.o)
 .group         0x00000000        0x8 C:\Users\12195032\Documents\Lab5\OSExample\Library\libOS.a(OS.o)
 .group         0x00000000        0x8 C:\Users\12195032\Documents\Lab5\OSExample\Library\libOS.a(OS.o)
 .group         0x00000000        0x8 C:\Users\12195032\Documents\Lab5\OSExample\Library\libOS.a(OS.o)
 .group         0x00000000        0x8 C:\Users\12195032\Documents\Lab5\OSExample\Library\libOS.a(OS.o)
 .group         0x00000000        0x8 C:\Users\12195032\Documents\Lab5\OSExample\Library\libOS.a(OS.o)
 .group         0x00000000        0x8 C:\Users\12195032\Documents\Lab5\OSExample\Library\libOS.a(OS.o)
 .group         0x00000000        0x8 C:\Users\12195032\Documents\Lab5\OSExample\Library\libOS.a(OS.o)
 .group         0x00000000        0x8 C:\Users\12195032\Documents\Lab5\OSExample\Library\libOS.a(OS.o)
 .text          0x00000000        0x0 C:\Users\12195032\Documents\Lab5\OSExample\Library\libOS.a(OS.o)
 .data          0x00000000        0x0 C:\Users\12195032\Documents\Lab5\OSExample\Library\libOS.a(OS.o)
 .bss           0x00000000        0x0 C:\Users\12195032\Documents\Lab5\OSExample\Library\libOS.a(OS.o)
 .rodata.OS_TICK_FREQUENCY
                0x00000000        0x4 C:\Users\12195032\Documents\Lab5\OSExample\Library\libOS.a(OS.o)
 .text.OS_TimeDelay
                0x00000000       0x48 C:\Users\12195032\Documents\Lab5\OSExample\Library\libOS.a(OS.o)
 .text.OS_TimeGet
                0x00000000       0x24 C:\Users\12195032\Documents\Lab5\OSExample\Library\libOS.a(OS.o)
 .text.OS_TimeSet
                0x00000000       0x20 C:\Users\12195032\Documents\Lab5\OSExample\Library\libOS.a(OS.o)
 .debug_macro   0x00000000      0x850 C:\Users\12195032\Documents\Lab5\OSExample\Library\libOS.a(OS.o)
 .debug_macro   0x00000000       0x16 C:\Users\12195032\Documents\Lab5\OSExample\Library\libOS.a(OS.o)
 .debug_macro   0x00000000       0x44 C:\Users\12195032\Documents\Lab5\OSExample\Library\libOS.a(OS.o)
 .debug_macro   0x00000000      0x209 C:\Users\12195032\Documents\Lab5\OSExample\Library\libOS.a(OS.o)
 .debug_macro   0x00000000     0x17fa C:\Users\12195032\Documents\Lab5\OSExample\Library\libOS.a(OS.o)
 .debug_macro   0x00000000      0x14e C:\Users\12195032\Documents\Lab5\OSExample\Library\libOS.a(OS.o)
 .debug_macro   0x00000000       0x64 C:\Users\12195032\Documents\Lab5\OSExample\Library\libOS.a(OS.o)
 .debug_macro   0x00000000    0x174c1 C:\Users\12195032\Documents\Lab5\OSExample\Library\libOS.a(OS.o)
 .debug_macro   0x00000000       0x94 C:\Users\12195032\Documents\Lab5\OSExample\Library\libOS.a(OS.o)
 .debug_macro   0x00000000       0x22 C:\Users\12195032\Documents\Lab5\OSExample\Library\libOS.a(OS.o)
 .debug_macro   0x00000000       0x30 C:\Users\12195032\Documents\Lab5\OSExample\Library\libOS.a(OS.o)
 .data          0x00000000        0x0 c:/freescale/kds_3.0.0/toolchain/bin/../lib/gcc/arm-none-eabi/4.8.4/armv7e-m/fpu\libgcc.a(_arm_addsubdf3.o)
 .bss           0x00000000        0x0 c:/freescale/kds_3.0.0/toolchain/bin/../lib/gcc/arm-none-eabi/4.8.4/armv7e-m/fpu\libgcc.a(_arm_addsubdf3.o)
 .data          0x00000000        0x0 c:/freescale/kds_3.0.0/toolchain/bin/../lib/gcc/arm-none-eabi/4.8.4/armv7e-m/fpu\libgcc.a(_arm_muldivdf3.o)
 .bss           0x00000000        0x0 c:/freescale/kds_3.0.0/toolchain/bin/../lib/gcc/arm-none-eabi/4.8.4/armv7e-m/fpu\libgcc.a(_arm_muldivdf3.o)
 .data          0x00000000        0x0 c:/freescale/kds_3.0.0/toolchain/bin/../lib/gcc/arm-none-eabi/4.8.4/armv7e-m/fpu\libgcc.a(_arm_fixunsdfsi.o)
 .bss           0x00000000        0x0 c:/freescale/kds_3.0.0/toolchain/bin/../lib/gcc/arm-none-eabi/4.8.4/armv7e-m/fpu\libgcc.a(_arm_fixunsdfsi.o)
 .text          0x00000000        0x0 c:/freescale/kds_3.0.0/toolchain/bin/../lib/gcc/arm-none-eabi/4.8.4/../../../../arm-none-eabi/lib/armv7e-m/fpu\libg_s.a(lib_a-exit.o)
 .data          0x00000000        0x0 c:/freescale/kds_3.0.0/toolchain/bin/../lib/gcc/arm-none-eabi/4.8.4/../../../../arm-none-eabi/lib/armv7e-m/fpu\libg_s.a(lib_a-exit.o)
 .bss           0x00000000        0x0 c:/freescale/kds_3.0.0/toolchain/bin/../lib/gcc/arm-none-eabi/4.8.4/../../../../arm-none-eabi/lib/armv7e-m/fpu\libg_s.a(lib_a-exit.o)
 .text          0x00000000        0x0 c:/freescale/kds_3.0.0/toolchain/bin/../lib/gcc/arm-none-eabi/4.8.4/../../../../arm-none-eabi/lib/armv7e-m/fpu\libg_s.a(lib_a-impure.o)
 .data          0x00000000        0x0 c:/freescale/kds_3.0.0/toolchain/bin/../lib/gcc/arm-none-eabi/4.8.4/../../../../arm-none-eabi/lib/armv7e-m/fpu\libg_s.a(lib_a-impure.o)
 .bss           0x00000000        0x0 c:/freescale/kds_3.0.0/toolchain/bin/../lib/gcc/arm-none-eabi/4.8.4/../../../../arm-none-eabi/lib/armv7e-m/fpu\libg_s.a(lib_a-impure.o)
 .data._impure_ptr
                0x00000000        0x4 c:/freescale/kds_3.0.0/toolchain/bin/../lib/gcc/arm-none-eabi/4.8.4/../../../../arm-none-eabi/lib/armv7e-m/fpu\libg_s.a(lib_a-impure.o)
 .text          0x00000000        0x0 c:/freescale/kds_3.0.0/toolchain/bin/../lib/gcc/arm-none-eabi/4.8.4/../../../../arm-none-eabi/lib/armv7e-m/fpu\libg_s.a(lib_a-init.o)
 .data          0x00000000        0x0 c:/freescale/kds_3.0.0/toolchain/bin/../lib/gcc/arm-none-eabi/4.8.4/../../../../arm-none-eabi/lib/armv7e-m/fpu\libg_s.a(lib_a-init.o)
 .bss           0x00000000        0x0 c:/freescale/kds_3.0.0/toolchain/bin/../lib/gcc/arm-none-eabi/4.8.4/../../../../arm-none-eabi/lib/armv7e-m/fpu\libg_s.a(lib_a-init.o)
 .text          0x00000000        0x0 c:/freescale/kds_3.0.0/toolchain/bin/../lib/gcc/arm-none-eabi/4.8.4/../../../../arm-none-eabi/lib/armv7e-m/fpu\libg_s.a(lib_a-memset.o)
 .data          0x00000000        0x0 c:/freescale/kds_3.0.0/toolchain/bin/../lib/gcc/arm-none-eabi/4.8.4/../../../../arm-none-eabi/lib/armv7e-m/fpu\libg_s.a(lib_a-memset.o)
 .bss           0x00000000        0x0 c:/freescale/kds_3.0.0/toolchain/bin/../lib/gcc/arm-none-eabi/4.8.4/../../../../arm-none-eabi/lib/armv7e-m/fpu\libg_s.a(lib_a-memset.o)
 .text          0x00000000        0x0 c:/freescale/kds_3.0.0/toolchain/bin/../lib/gcc/arm-none-eabi/4.8.4/../../../../arm-none-eabi/lib/armv7e-m/fpu\libnosys.a(_exit.o)
 .data          0x00000000        0x0 c:/freescale/kds_3.0.0/toolchain/bin/../lib/gcc/arm-none-eabi/4.8.4/../../../../arm-none-eabi/lib/armv7e-m/fpu\libnosys.a(_exit.o)
 .bss           0x00000000        0x0 c:/freescale/kds_3.0.0/toolchain/bin/../lib/gcc/arm-none-eabi/4.8.4/../../../../arm-none-eabi/lib/armv7e-m/fpu\libnosys.a(_exit.o)
 .text          0x00000000        0x0 c:/freescale/kds_3.0.0/toolchain/bin/../lib/gcc/arm-none-eabi/4.8.4/armv7e-m/fpu/crtend.o
 .data          0x00000000        0x0 c:/freescale/kds_3.0.0/toolchain/bin/../lib/gcc/arm-none-eabi/4.8.4/armv7e-m/fpu/crtend.o
 .bss           0x00000000        0x0 c:/freescale/kds_3.0.0/toolchain/bin/../lib/gcc/arm-none-eabi/4.8.4/armv7e-m/fpu/crtend.o
 .eh_frame      0x00000000        0x4 c:/freescale/kds_3.0.0/toolchain/bin/../lib/gcc/arm-none-eabi/4.8.4/armv7e-m/fpu/crtend.o
 .jcr           0x00000000        0x4 c:/freescale/kds_3.0.0/toolchain/bin/../lib/gcc/arm-none-eabi/4.8.4/armv7e-m/fpu/crtend.o
 .ARM.attributes
                0x00000000       0x34 c:/freescale/kds_3.0.0/toolchain/bin/../lib/gcc/arm-none-eabi/4.8.4/armv7e-m/fpu/crtend.o
 .text          0x00000000        0x0 c:/freescale/kds_3.0.0/toolchain/bin/../lib/gcc/arm-none-eabi/4.8.4/armv7e-m/fpu/crtn.o
 .data          0x00000000        0x0 c:/freescale/kds_3.0.0/toolchain/bin/../lib/gcc/arm-none-eabi/4.8.4/armv7e-m/fpu/crtn.o
 .bss           0x00000000        0x0 c:/freescale/kds_3.0.0/toolchain/bin/../lib/gcc/arm-none-eabi/4.8.4/armv7e-m/fpu/crtn.o

Memory Configuration

Name             Origin             Length             Attributes
m_interrupts     0x00000000         0x000001e8         xr
m_text           0x00000410         0x0007fbf0         xr
m_data           0x1fff0000         0x00010000         rw
m_data_20000000  0x20000000         0x00010000         rw
m_cfmprotrom     0x00000400         0x00000010         xr
*default*        0x00000000         0xffffffff

Linker script and memory map

LOAD c:/freescale/kds_3.0.0/toolchain/bin/../lib/gcc/arm-none-eabi/4.8.4/armv7e-m/fpu/crti.o
LOAD c:/freescale/kds_3.0.0/toolchain/bin/../lib/gcc/arm-none-eabi/4.8.4/armv7e-m/fpu/crtbegin.o
LOAD c:/freescale/kds_3.0.0/toolchain/bin/../lib/gcc/arm-none-eabi/4.8.4/../../../../arm-none-eabi/lib/armv7e-m/fpu/crt0.o
LOAD ./Sources/Events.o
LOAD ./Sources/FIFO.o
LOAD ./Sources/FTM.o
LOAD ./Sources/Flash.o
LOAD ./Sources/I2C.o
LOAD ./Sources/LEDs.o
LOAD ./Sources/PIT.o
LOAD ./Sources/RTC.o
LOAD ./Sources/UART.o
LOAD ./Sources/accel.o
LOAD ./Sources/main.o
LOAD ./Sources/main_ORIGINAL.o
LOAD ./Sources/median.o
LOAD ./Sources/packet.o
LOAD ./Project_Settings/Startup_Code/startup.o
LOAD ./Generated_Code/Cpu.o
LOAD ./Generated_Code/PE_LDD.o
LOAD ./Generated_Code/Vectors.o
LOAD ./Generated_Code/Vectors_Backup.o
LOAD C:\Users\12195032\Documents\Lab5\OSExample\Library\libOS.a
LOAD c:/freescale/kds_3.0.0/toolchain/bin/../lib/gcc/arm-none-eabi/4.8.4/../../../../arm-none-eabi/lib/armv7e-m/fpu\libstdc++_s.a
LOAD c:/freescale/kds_3.0.0/toolchain/bin/../lib/gcc/arm-none-eabi/4.8.4/../../../../arm-none-eabi/lib/armv7e-m/fpu\libm.a
START GROUP
LOAD c:/freescale/kds_3.0.0/toolchain/bin/../lib/gcc/arm-none-eabi/4.8.4/armv7e-m/fpu\libgcc.a
LOAD c:/freescale/kds_3.0.0/toolchain/bin/../lib/gcc/arm-none-eabi/4.8.4/../../../../arm-none-eabi/lib/armv7e-m/fpu\libg_s.a
LOAD c:/freescale/kds_3.0.0/toolchain/bin/../lib/gcc/arm-none-eabi/4.8.4/../../../../arm-none-eabi/lib/armv7e-m/fpu\libc_s.a
END GROUP
START GROUP
LOAD c:/freescale/kds_3.0.0/toolchain/bin/../lib/gcc/arm-none-eabi/4.8.4/armv7e-m/fpu\libgcc.a
LOAD c:/freescale/kds_3.0.0/toolchain/bin/../lib/gcc/arm-none-eabi/4.8.4/../../../../arm-none-eabi/lib/armv7e-m/fpu\libc_s.a
LOAD c:/freescale/kds_3.0.0/toolchain/bin/../lib/gcc/arm-none-eabi/4.8.4/../../../../arm-none-eabi/lib/armv7e-m/fpu\libnosys.a
END GROUP
START GROUP
LOAD c:/freescale/kds_3.0.0/toolchain/bin/../lib/gcc/arm-none-eabi/4.8.4/armv7e-m/fpu\libgcc.a
LOAD c:/freescale/kds_3.0.0/toolchain/bin/../lib/gcc/arm-none-eabi/4.8.4/../../../../arm-none-eabi/lib/armv7e-m/fpu\libc_s.a
LOAD c:/freescale/kds_3.0.0/toolchain/bin/../lib/gcc/arm-none-eabi/4.8.4/../../../../arm-none-eabi/lib/armv7e-m/fpu\libnosys.a
END GROUP
LOAD c:/freescale/kds_3.0.0/toolchain/bin/../lib/gcc/arm-none-eabi/4.8.4/armv7e-m/fpu/crtend.o
LOAD c:/freescale/kds_3.0.0/toolchain/bin/../lib/gcc/arm-none-eabi/4.8.4/armv7e-m/fpu/crtn.o
                0x20000000                _estack = 0x20000000
                0x20000000                __SP_INIT = _estack
                0x20000000                __stack = _estack
                0x00000000                __heap_size = 0x0
                0x00000400                __stack_size = 0x400

.interrupts     0x00000000      0x1e8
                0x00000000                __vector_table = .
                0x00000000                . = ALIGN (0x4)
 *(.vectortable)
 .vectortable   0x00000000      0x1e8 ./Generated_Code/Vectors.o
                0x00000000                __vect_table
                0x000001e8                . = ALIGN (0x4)

.cfmprotect     0x00000400       0x10
                0x00000400                . = ALIGN (0x4)
 *(.cfmconfig)
 .cfmconfig     0x00000400       0x10 ./Generated_Code/Cpu.o
                0x00000400                _cfm
                0x00000410                . = ALIGN (0x4)

.text           0x00000410     0x3a4c
                0x00000410                . = ALIGN (0x4)
 *(.text)
 .text          0x00000410       0x54 c:/freescale/kds_3.0.0/toolchain/bin/../lib/gcc/arm-none-eabi/4.8.4/armv7e-m/fpu/crtbegin.o
 .text          0x00000464       0x74 c:/freescale/kds_3.0.0/toolchain/bin/../lib/gcc/arm-none-eabi/4.8.4/../../../../arm-none-eabi/lib/armv7e-m/fpu/crt0.o
                0x00000464                _start
                0x00000464                _mainCRTStartup
 .text          0x000004d8      0x370 c:/freescale/kds_3.0.0/toolchain/bin/../lib/gcc/arm-none-eabi/4.8.4/armv7e-m/fpu\libgcc.a(_arm_addsubdf3.o)
                0x000004d8                __aeabi_drsub
                0x000004e0                __aeabi_dsub
                0x000004e0                __subdf3
                0x000004e4                __aeabi_dadd
                0x000004e4                __adddf3
                0x0000075c                __floatunsidf
                0x0000075c                __aeabi_ui2d
                0x0000077c                __floatsidf
                0x0000077c                __aeabi_i2d
                0x000007a0                __aeabi_f2d
                0x000007a0                __extendsfdf2
                0x000007dc                __floatundidf
                0x000007dc                __aeabi_ul2d
                0x000007ec                __floatdidf
                0x000007ec                __aeabi_l2d
 .text          0x00000848      0x424 c:/freescale/kds_3.0.0/toolchain/bin/../lib/gcc/arm-none-eabi/4.8.4/armv7e-m/fpu\libgcc.a(_arm_muldivdf3.o)
                0x00000848                __aeabi_dmul
                0x00000848                __muldf3
                0x00000a9c                __divdf3
                0x00000a9c                __aeabi_ddiv
 .text          0x00000c6c       0x40 c:/freescale/kds_3.0.0/toolchain/bin/../lib/gcc/arm-none-eabi/4.8.4/armv7e-m/fpu\libgcc.a(_arm_fixunsdfsi.o)
                0x00000c6c                __aeabi_d2uiz
                0x00000c6c                __fixunsdfsi
 *(.text*)
 .text.FIFO_Init
                0x00000cac       0x4c ./Sources/FIFO.o
                0x00000cac                FIFO_Init
 .text.FIFO_Put
                0x00000cf8       0x7c ./Sources/FIFO.o
                0x00000cf8                FIFO_Put
 .text.FIFO_Get
                0x00000d74       0x7c ./Sources/FIFO.o
                0x00000d74                FIFO_Get
 .text.FTM_Init
                0x00000df0       0x74 ./Sources/FTM.o
                0x00000df0                FTM_Init
 .text.FTM_Set  0x00000e64      0x1fc ./Sources/FTM.o
                0x00000e64                FTM_Set
 .text.FTM_StartTimer
                0x00001060       0xa0 ./Sources/FTM.o
                0x00001060                FTM_StartTimer
 .text.FTM0_ISR
                0x00001100       0xa8 ./Sources/FTM.o
                0x00001100                FTM0_ISR
 .text.Flash_Init
                0x000011a8       0x2c ./Sources/Flash.o
                0x000011a8                Flash_Init
 .text.Flash_AllocateVar
                0x000011d4       0x90 ./Sources/Flash.o
                0x000011d4                Flash_AllocateVar
 .text.Flash_Write16
                0x00001264       0x64 ./Sources/Flash.o
                0x00001264                Flash_Write16
 .text.Flash_Write8
                0x000012c8       0x50 ./Sources/Flash.o
                0x000012c8                Flash_Write8
 .text.Flash_Erase
                0x00001318       0x40 ./Sources/Flash.o
                0x00001318                Flash_Erase
 .text.ReadPhrase
                0x00001358       0x24 ./Sources/Flash.o
 .text.WritePhrase
                0x0000137c       0x9c ./Sources/Flash.o
 .text.WaitCCIF
                0x00001418       0x20 ./Sources/Flash.o
 .text.SetCCIF  0x00001438       0x20 ./Sources/Flash.o
 .text.waitForAck
                0x00001458       0x3c ./Sources/I2C.o
 .text.start    0x00001494       0x34 ./Sources/I2C.o
 .text.stop     0x000014c8       0x24 ./Sources/I2C.o
 .text.sendDeviceAddress
                0x000014ec       0x20 ./Sources/I2C.o
 .text.sendRegisterAddress
                0x0000150c       0x20 ./Sources/I2C.o
 .text.waitTilIdle
                0x0000152c       0x20 ./Sources/I2C.o
 .text.I2C_Init
                0x0000154c      0x158 ./Sources/I2C.o
                0x0000154c                I2C_Init
 .text.I2C_SelectSlaveDevice
                0x000016a4       0x20 ./Sources/I2C.o
                0x000016a4                I2C_SelectSlaveDevice
 .text.I2C_Write
                0x000016c4       0x5c ./Sources/I2C.o
                0x000016c4                I2C_Write
 .text.I2C_PollRead
                0x00001720       0xf4 ./Sources/I2C.o
                0x00001720                I2C_PollRead
 .text.I2C_IntRead
                0x00001814       0xc4 ./Sources/I2C.o
                0x00001814                I2C_IntRead
 .text.I2C_ISR  0x000018d8      0x110 ./Sources/I2C.o
                0x000018d8                I2C_ISR
 .text.LEDs_Init
                0x000019e8       0xb4 ./Sources/LEDs.o
                0x000019e8                LEDs_Init
 .text.LEDs_On  0x00001a9c       0x1c ./Sources/LEDs.o
                0x00001a9c                LEDs_On
 .text.LEDs_Off
                0x00001ab8       0x1c ./Sources/LEDs.o
                0x00001ab8                LEDs_Off
 .text.LEDs_Toggle
                0x00001ad4       0x1c ./Sources/LEDs.o
                0x00001ad4                LEDs_Toggle
 .text.PIT_Init
                0x00001af0       0xa0 ./Sources/PIT.o
                0x00001af0                PIT_Init
 .text.PIT_Set  0x00001b90       0x78 ./Sources/PIT.o
                0x00001b90                PIT_Set
 .text.PIT_Enable
                0x00001c08       0x40 ./Sources/PIT.o
                0x00001c08                PIT_Enable
 .text.PIT_ISR  0x00001c48       0x40 ./Sources/PIT.o
                0x00001c48                PIT_ISR
 .text.RTC_Init
                0x00001c88      0x10c ./Sources/RTC.o
                0x00001c88                RTC_Init
 .text.RTC_Set  0x00001d94       0x5c ./Sources/RTC.o
                0x00001d94                RTC_Set
 .text.RTC_Get  0x00001df0       0x88 ./Sources/RTC.o
                0x00001df0                RTC_Get
 .text.RTC_ISR  0x00001e78       0x2c ./Sources/RTC.o
                0x00001e78                RTC_ISR
 .text.UART_Init
                0x00001ea4      0x174 ./Sources/UART.o
                0x00001ea4                UART_Init
 .text.UART_InChar
                0x00002018       0x1c ./Sources/UART.o
                0x00002018                UART_InChar
 .text.UART_OutChar
                0x00002034       0x20 ./Sources/UART.o
                0x00002034                UART_OutChar
 .text.ReceiveThread
                0x00002054       0x40 ./Sources/UART.o
                0x00002054                ReceiveThread
 .text.TransmitThread
                0x00002094       0x44 ./Sources/UART.o
                0x00002094                TransmitThread
 .text.UART_ISR
                0x000020d8       0x98 ./Sources/UART.o
                0x000020d8                UART_ISR
 .text.standbyMode
                0x00002170       0x48 ./Sources/accel.o
                0x00002170                standbyMode
 .text.Accel_Init
                0x000021b8      0x190 ./Sources/accel.o
                0x000021b8                Accel_Init
 .text.Accel_GetMode
                0x00002348       0x18 ./Sources/accel.o
                0x00002348                Accel_GetMode
 .text.Accel_ReadXYZ
                0x00002360       0x38 ./Sources/accel.o
                0x00002360                Accel_ReadXYZ
 .text.actualAccelReadDataBack
                0x00002398       0x28 ./Sources/accel.o
                0x00002398                actualAccelReadDataBack
 .text.Accel_SetMode
                0x000023c0       0x54 ./Sources/accel.o
                0x000023c0                Accel_SetMode
 .text.AccelDataReady_ISR
                0x00002414       0x4c ./Sources/accel.o
                0x00002414                AccelDataReady_ISR
 .text.SlidingWindow
                0x00002460       0x44 ./Sources/main.o
 .text.HandleMedianData
                0x000024a4      0x118 ./Sources/main.o
 .text.TowerInit
                0x000025bc       0xb4 ./Sources/main.o
                0x000025bc                TowerInit
 .text.InitThread
                0x00002670       0x28 ./Sources/main.o
 .text.PacketThread
                0x00002698       0x7c ./Sources/main.o
 .text.PITThread
                0x00002714       0x28 ./Sources/main.o
 .text.AccelThread
                0x0000273c       0x48 ./Sources/main.o
 .text.RTCThread
                0x00002784       0x44 ./Sources/main.o
 .text.FTM0Thread
                0x000027c8       0x24 ./Sources/main.o
                0x000027c8                FTM0Thread
 .text.I2CThread
                0x000027ec       0x20 ./Sources/main.o
 .text.main     0x0000280c      0x104 ./Sources/main.o
                0x0000280c                main
 .text.RTCCallback
                0x00002910       0x38 ./Sources/main.o
 .text.PITCallback
                0x00002948       0x3c ./Sources/main.o
 .text.FTM0Callback
                0x00002984       0x18 ./Sources/main.o
 .text.Median_Filter3
                0x0000299c       0x68 ./Sources/median.o
                0x0000299c                Median_Filter3
 .text.PacketTest
                0x00002a04       0x44 ./Sources/packet.o
                0x00002a04                PacketTest
 .text.DataToFlash
                0x00002a48       0x7c ./Sources/packet.o
                0x00002a48                DataToFlash
 .text.Packet_Init
                0x00002ac4       0x48 ./Sources/packet.o
                0x00002ac4                Packet_Init
 .text.Packet_Get
                0x00002b0c      0x10c ./Sources/packet.o
                0x00002b0c                Packet_Get
 .text.Packet_Put
                0x00002c18       0x68 ./Sources/packet.o
                0x00002c18                Packet_Put
 .text.Packet_Handle
                0x00002c80      0x2f4 ./Sources/packet.o
                0x00002c80                Packet_Handle
 .text.__copy_rom_section
                0x00002f74       0xe4 ./Project_Settings/Startup_Code/startup.o
                0x00002f74                __copy_rom_section
 .text.__copy_rom_sections_to_ram
                0x00003058       0x9c ./Project_Settings/Startup_Code/startup.o
                0x00003058                __copy_rom_sections_to_ram
 .text.__init_registers
                0x000030f4       0x20 ./Project_Settings/Startup_Code/startup.o
                0x000030f4                __init_registers
 .text.__init_user
                0x00003114        0xc ./Project_Settings/Startup_Code/startup.o
                0x00003114                __init_user
 .text.__thumb_startup
                0x00003120       0x34 ./Project_Settings/Startup_Code/startup.o
                0x00003120                __thumb_startup
 .text.Cpu_Interrupt
                0x00003154       0x18 ./Generated_Code/Cpu.o
                0x00003154                Cpu_Interrupt
 .text.__init_hardware
                0x0000316c      0x17c ./Generated_Code/Cpu.o
                0x0000316c                __init_hardware
 .text.Cpu_SetBASEPRI
                0x000032e8       0x18 ./Generated_Code/Cpu.o
                0x000032e8                Cpu_SetBASEPRI
 .text.PE_low_level_init
                0x00003300       0xe4 ./Generated_Code/Cpu.o
                0x00003300                PE_low_level_init
 .text.OS_Init  0x000033e4      0x110 C:\Users\12195032\Documents\Lab5\OSExample\Library\libOS.a(OS.o)
                0x000033e4                OS_Init
 .text.OS_ISREnter
                0x000034f4       0x20 C:\Users\12195032\Documents\Lab5\OSExample\Library\libOS.a(OS.o)
                0x000034f4                OS_ISREnter
 .text.OS_ISRExit
                0x00003514       0x1c C:\Users\12195032\Documents\Lab5\OSExample\Library\libOS.a(OS.o)
                0x00003514                OS_ISRExit
 .text.OS_SemaphoreCreate
                0x00003530       0x90 C:\Users\12195032\Documents\Lab5\OSExample\Library\libOS.a(OS.o)
                0x00003530                OS_SemaphoreCreate
 .text.OS_SemaphoreSignal
                0x000035c0       0x44 C:\Users\12195032\Documents\Lab5\OSExample\Library\libOS.a(OS.o)
                0x000035c0                OS_SemaphoreSignal
 .text.OS_SemaphoreWait
                0x00003604       0x58 C:\Users\12195032\Documents\Lab5\OSExample\Library\libOS.a(OS.o)
                0x00003604                OS_SemaphoreWait
 .text.OS_Start
                0x0000365c       0x10 C:\Users\12195032\Documents\Lab5\OSExample\Library\libOS.a(OS.o)
                0x0000365c                OS_Start
 .text.OS_ThreadCreate
                0x0000366c      0x160 C:\Users\12195032\Documents\Lab5\OSExample\Library\libOS.a(OS.o)
                0x0000366c                OS_ThreadCreate
 .text.OS_ThreadDelete
                0x000037cc      0x18c C:\Users\12195032\Documents\Lab5\OSExample\Library\libOS.a(OS.o)
                0x000037cc                OS_ThreadDelete
 .text.EventThreadReady
                0x00003958       0x68 C:\Users\12195032\Documents\Lab5\OSExample\Library\libOS.a(OS.o)
 .text.EventThreadWait
                0x000039c0       0x64 C:\Users\12195032\Documents\Lab5\OSExample\Library\libOS.a(OS.o)
 .text.EventTimeout
                0x00003a24       0x40 C:\Users\12195032\Documents\Lab5\OSExample\Library\libOS.a(OS.o)
 .text.Idle     0x00003a64       0x18 C:\Users\12195032\Documents\Lab5\OSExample\Library\libOS.a(OS.o)
 .text.FindFirstSet
                0x00003a7c       0x44 C:\Users\12195032\Documents\Lab5\OSExample\Library\libOS.a(OS.o)
 .text.Schedule
                0x00003ac0       0x64 C:\Users\12195032\Documents\Lab5\OSExample\Library\libOS.a(OS.o)
 .text.TCBInit  0x00003b24       0xc0 C:\Users\12195032\Documents\Lab5\OSExample\Library\libOS.a(OS.o)
 .text.TimeTick
                0x00003be4       0x74 C:\Users\12195032\Documents\Lab5\OSExample\Library\libOS.a(OS.o)
 *fill*         0x00003c58        0x8 
 .text.OS_ContextSwitchISR
                0x00003c60       0x50 C:\Users\12195032\Documents\Lab5\OSExample\Library\libOS.a(OS.o)
                0x00003c60                OS_ContextSwitchISR
 .text.OS_SysTickISR
                0x00003cb0       0x5c C:\Users\12195032\Documents\Lab5\OSExample\Library\libOS.a(OS.o)
                0x00003cb0                OS_SysTickISR
 .text.exit     0x00003d0c       0x28 c:/freescale/kds_3.0.0/toolchain/bin/../lib/gcc/arm-none-eabi/4.8.4/../../../../arm-none-eabi/lib/armv7e-m/fpu\libg_s.a(lib_a-exit.o)
                0x00003d0c                exit
 .text.__libc_init_array
                0x00003d34       0x4c c:/freescale/kds_3.0.0/toolchain/bin/../lib/gcc/arm-none-eabi/4.8.4/../../../../arm-none-eabi/lib/armv7e-m/fpu\libg_s.a(lib_a-init.o)
                0x00003d34                __libc_init_array
 .text.memset   0x00003d80       0x10 c:/freescale/kds_3.0.0/toolchain/bin/../lib/gcc/arm-none-eabi/4.8.4/../../../../arm-none-eabi/lib/armv7e-m/fpu\libg_s.a(lib_a-memset.o)
                0x00003d80                memset
 .text._exit    0x00003d90        0x4 c:/freescale/kds_3.0.0/toolchain/bin/../lib/gcc/arm-none-eabi/4.8.4/../../../../arm-none-eabi/lib/armv7e-m/fpu\libnosys.a(_exit.o)
                0x00003d90                _exit
 *(.rodata)
 *(.rodata*)
 .rodata.mult.7021
                0x00003d94        0x4 ./Sources/I2C.o
 .rodata.scl.7022
                0x00003d98       0x80 ./Sources/I2C.o
 .rodata.I2C_ACCEL_MODULE
                0x00003e18       0x10 ./Sources/accel.o
 .rodata.ACCEL_SETUP
                0x00003e28       0x14 ./Sources/main.o
 .rodata.str1.1
                0x00003e3c        0x2 c:/freescale/kds_3.0.0/toolchain/bin/../lib/gcc/arm-none-eabi/4.8.4/../../../../arm-none-eabi/lib/armv7e-m/fpu\libg_s.a(lib_a-impure.o)
 *fill*         0x00003e3e        0x2 
 .rodata._global_impure_ptr
                0x00003e40        0x4 c:/freescale/kds_3.0.0/toolchain/bin/../lib/gcc/arm-none-eabi/4.8.4/../../../../arm-none-eabi/lib/armv7e-m/fpu\libg_s.a(lib_a-impure.o)
                0x00003e40                _global_impure_ptr
 *(.glue_7)
 .glue_7        0x00000000        0x0 linker stubs
 *(.glue_7t)
 .glue_7t       0x00000000        0x0 linker stubs
 *(.eh_frame)
 .eh_frame      0x00003e44        0x0 c:/freescale/kds_3.0.0/toolchain/bin/../lib/gcc/arm-none-eabi/4.8.4/armv7e-m/fpu/crtbegin.o
 *(.init)
 .init          0x00003e44        0x4 c:/freescale/kds_3.0.0/toolchain/bin/../lib/gcc/arm-none-eabi/4.8.4/armv7e-m/fpu/crti.o
                0x00003e44                _init
 .init          0x00003e48        0x8 c:/freescale/kds_3.0.0/toolchain/bin/../lib/gcc/arm-none-eabi/4.8.4/armv7e-m/fpu/crtn.o
 *(.fini)
 .fini          0x00003e50        0x4 c:/freescale/kds_3.0.0/toolchain/bin/../lib/gcc/arm-none-eabi/4.8.4/armv7e-m/fpu/crti.o
                0x00003e50                _fini
 .fini          0x00003e54        0x8 c:/freescale/kds_3.0.0/toolchain/bin/../lib/gcc/arm-none-eabi/4.8.4/armv7e-m/fpu/crtn.o
                0x00003e5c                . = ALIGN (0x4)
                0x00003e5c                _etext = .

.vfp11_veneer   0x00003e5c        0x0
 .vfp11_veneer  0x00000000        0x0 linker stubs

.v4_bx          0x00003e5c        0x0
 .v4_bx         0x00000000        0x0 linker stubs

.iplt           0x00003e5c        0x0
 .iplt          0x00000000        0x0 c:/freescale/kds_3.0.0/toolchain/bin/../lib/gcc/arm-none-eabi/4.8.4/armv7e-m/fpu/crtbegin.o

.ARM.extab
 *(.ARM.extab* .gnu.linkonce.armextab.*)

.ARM            0x00003e5c        0x8
                0x00003e5c                __exidx_start = .
 *(.ARM.exidx*)
 .ARM.exidx     0x00003e5c        0x8 c:/freescale/kds_3.0.0/toolchain/bin/../lib/gcc/arm-none-eabi/4.8.4/../../../../arm-none-eabi/lib/armv7e-m/fpu/crt0.o
                0x00003e64                __exidx_end = .

.rel.dyn        0x00003e64        0x0
 .rel.iplt      0x00000000        0x0 c:/freescale/kds_3.0.0/toolchain/bin/../lib/gcc/arm-none-eabi/4.8.4/armv7e-m/fpu/crtbegin.o

.ctors          0x00003e64        0x0
                0x00003e64                __CTOR_LIST__ = .
 *crtbegin.o(.ctors)
 *(EXCLUDE_FILE(*crtend.o) .ctors)
 *(SORT(.ctors.*))
 *(.ctors)
                0x00003e64                __CTOR_END__ = .

.dtors          0x00003e64        0x0
                0x00003e64                __DTOR_LIST__ = .
 *crtbegin.o(.dtors)
 *(EXCLUDE_FILE(*crtend.o) .dtors)
 *(SORT(.dtors.*))
 *(.dtors)
                0x00003e64                __DTOR_END__ = .

.preinit_array  0x00003e64        0x0
                0x00003e64                PROVIDE (__preinit_array_start, .)
 *(.preinit_array*)
                0x00003e64                PROVIDE (__preinit_array_end, .)

.init_array     0x00003e64        0x4
                0x00003e64                PROVIDE (__init_array_start, .)
 *(SORT(.init_array.*))
 *(.init_array*)
 .init_array    0x00003e64        0x4 c:/freescale/kds_3.0.0/toolchain/bin/../lib/gcc/arm-none-eabi/4.8.4/armv7e-m/fpu/crtbegin.o
                0x00003e68                PROVIDE (__init_array_end, .)

.fini_array     0x00003e68        0x4
                0x00003e68                PROVIDE (__fini_array_start, .)
 *(SORT(.fini_array.*))
 *(.fini_array*)
 .fini_array    0x00003e68        0x4 c:/freescale/kds_3.0.0/toolchain/bin/../lib/gcc/arm-none-eabi/4.8.4/armv7e-m/fpu/crtbegin.o
                0x00003e6c                PROVIDE (__fini_array_end, .)
                0x00003e6c                ___ROM_AT = .

.data           0x1fff0000       0x74 load address 0x00003e6c
                0x1fff0000                . = ALIGN (0x4)
                0x1fff0000                _sdata = .
 *(.data)
 *(.data*)
 .data.phrase_alloc
                0x1fff0000        0x1 ./Sources/Flash.o
                0x1fff0000                phrase_alloc
 .data.OKtoRead
                0x1fff0001        0x1 ./Sources/I2C.o
 *fill*         0x1fff0002        0x2 
 .data.packetTimer
                0x1fff0004       0x10 ./Sources/main.o
                0x1fff0004                packetTimer
 .data.impure_data
                0x1fff0014       0x60 c:/freescale/kds_3.0.0/toolchain/bin/../lib/gcc/arm-none-eabi/4.8.4/../../../../arm-none-eabi/lib/armv7e-m/fpu\libg_s.a(lib_a-impure.o)
                0x1fff0074                . = ALIGN (0x4)
                0x1fff0074                _edata = .
                0x00000074                ___data_size = (_edata - _sdata)
                0x00003ee0                ___m_data_20000000_ROMStart = (___ROM_AT + SIZEOF (.data))

.jcr            0x1fff0074        0x0 load address 0x00003ee0
 .jcr           0x1fff0074        0x0 c:/freescale/kds_3.0.0/toolchain/bin/../lib/gcc/arm-none-eabi/4.8.4/armv7e-m/fpu/crtbegin.o

.igot.plt       0x1fff0074        0x0 load address 0x00003ee0
 .igot.plt      0x00000000        0x0 c:/freescale/kds_3.0.0/toolchain/bin/../lib/gcc/arm-none-eabi/4.8.4/armv7e-m/fpu/crtbegin.o

.m_data_20000000
                0x20000000        0x0 load address 0x00003ee0
                0x20000000                . = ALIGN (0x4)
                0x20000000                ___m_data_20000000_RAMStart = .
 *(.m_data_20000000)
                0x20000000                ___m_data_20000000_RAMEnd = .
                0x20000000                . = ALIGN (0x4)
                0x00000000                ___m_data_20000000_ROMSize = (___m_data_20000000_RAMEnd - ___m_data_20000000_RAMStart)
                0x20000000                . = ALIGN (0x4)

.bss            0x1fff0078     0x1a08 load address 0x00003ee8
                0x1fff0078                __START_BSS = .
                0x1fff0078                PROVIDE (__bss_start__, __START_BSS)
 *(.bss)
 .bss           0x1fff0078       0x1c c:/freescale/kds_3.0.0/toolchain/bin/../lib/gcc/arm-none-eabi/4.8.4/armv7e-m/fpu/crtbegin.o
 *(.bss*)
 .bss.FTMCallback
                0x1fff0094       0x20 ./Sources/FTM.o
 .bss.FTMArguments
                0x1fff00b4       0x20 ./Sources/FTM.o
 .bss.ReadCompleteUserArgumentsGlobal
                0x1fff00d4        0x4 ./Sources/I2C.o
 .bss.ReadCompleteCallbackGlobal
                0x1fff00d8        0x4 ./Sources/I2C.o
 .bss.SlaveAddress
                0x1fff00dc        0x1 ./Sources/I2C.o
 .bss.NumBytes  0x1fff00dd        0x1 ./Sources/I2C.o
 *fill*         0x1fff00de        0x2 
 .bss.ReceivedData
                0x1fff00e0        0x4 ./Sources/I2C.o
 .bss.iCount.7061
                0x1fff00e4        0x1 ./Sources/I2C.o
 *fill*         0x1fff00e5        0x3 
 .bss.PIT_moduleClk
                0x1fff00e8        0x4 ./Sources/PIT.o
 .bss.PITArguments
                0x1fff00ec        0x4 ./Sources/PIT.o
 .bss.PITCallback
                0x1fff00f0        0x4 ./Sources/PIT.o
 .bss.RTCArguments
                0x1fff00f4        0x4 ./Sources/RTC.o
 .bss.RTCCallback
                0x1fff00f8        0x4 ./Sources/RTC.o
 .bss.RxFIFO    0x1fff00fc      0x114 ./Sources/UART.o
 .bss.TxFIFO    0x1fff0210      0x114 ./Sources/UART.o
 .bss.AccelModuleSetup
                0x1fff0324       0x14 ./Sources/accel.o
 .bss.CurrentMode
                0x1fff0338        0x1 ./Sources/accel.o
 *fill*         0x1fff0339        0x3 
 .bss.CTRL_REG1_Union
                0x1fff033c        0x4 ./Sources/accel.o
 .bss.CTRL_REG3_Union
                0x1fff0340        0x4 ./Sources/accel.o
 .bss.CTRL_REG4_Union
                0x1fff0344        0x4 ./Sources/accel.o
 .bss.CTRL_REG5_Union
                0x1fff0348        0x4 ./Sources/accel.o
 .bss.DataCallback
                0x1fff034c        0x4 ./Sources/accel.o
 .bss.DataCallbackArgument
                0x1fff0350        0x4 ./Sources/accel.o
 .bss.ReadCallback
                0x1fff0354        0x4 ./Sources/accel.o
 .bss.ReadCallbackArgument
                0x1fff0358        0x4 ./Sources/accel.o
 *fill*         0x1fff035c        0x4 
 .bss.InitThreadStack
                0x1fff0360      0x190 ./Sources/main.o
 .bss.PacketThreadStack
                0x1fff04f0      0x190 ./Sources/main.o
 .bss.ReceiveThreadStack
                0x1fff0680      0x190 ./Sources/main.o
 .bss.TransmitThreadStack
                0x1fff0810      0x190 ./Sources/main.o
 .bss.PITThreadStack
                0x1fff09a0      0x190 ./Sources/main.o
 .bss.RTCThreadStack
                0x1fff0b30      0x190 ./Sources/main.o
 .bss.FTM0ThreadStack
                0x1fff0cc0      0x190 ./Sources/main.o
 .bss.AccelThreadStack
                0x1fff0e50      0x190 ./Sources/main.o
 .bss.I2CThreadStack
                0x1fff0fe0      0x190 ./Sources/main.o
 .bss.InitSemaphore
                0x1fff1170        0x4 ./Sources/main.o
 .bss.AccReadData
                0x1fff1174        0x4 ./Sources/main.o
 .bss.AccelSendHistory
                0x1fff1178        0x4 ./Sources/main.o
 .bss.AccXHistory
                0x1fff117c        0x4 ./Sources/main.o
 .bss.AccYHistory
                0x1fff1180        0x4 ./Sources/main.o
 .bss.AccZHistory
                0x1fff1184        0x4 ./Sources/main.o
 .bss.packet_position
                0x1fff1188        0x1 ./Sources/packet.o
                0x1fff1188                packet_position
 .bss.SR_lock   0x1fff1189        0x1 ./Generated_Code/Cpu.o
                0x1fff1189                SR_lock
 *fill*         0x1fff118a        0x2 
 .bss.TCBUnusedMain
                0x1fff118c       0x18 C:\Users\12195032\Documents\Lab5\OSExample\Library\libOS.a(OS.o)
 .bss.TCBTable  0x1fff11a4      0x300 C:\Users\12195032\Documents\Lab5\OSExample\Library\libOS.a(OS.o)
 .bss.pTCBFreeList
                0x1fff14a4        0x4 C:\Users\12195032\Documents\Lab5\OSExample\Library\libOS.a(OS.o)
 .bss.pTCBAllocatedList
                0x1fff14a8        0x4 C:\Users\12195032\Documents\Lab5\OSExample\Library\libOS.a(OS.o)
 .bss.pTCBPriorityTable
                0x1fff14ac       0x80 C:\Users\12195032\Documents\Lab5\OSExample\Library\libOS.a(OS.o)
 .bss.pTCBRunning
                0x1fff152c        0x4 C:\Users\12195032\Documents\Lab5\OSExample\Library\libOS.a(OS.o)
 .bss.pTCBHighestReady
                0x1fff1530        0x4 C:\Users\12195032\Documents\Lab5\OSExample\Library\libOS.a(OS.o)
 .bss.ReadyList
                0x1fff1534        0x4 C:\Users\12195032\Documents\Lab5\OSExample\Library\libOS.a(OS.o)
 .bss.ECBTable  0x1fff1538      0x100 C:\Users\12195032\Documents\Lab5\OSExample\Library\libOS.a(OS.o)
 .bss.NextECBFree
                0x1fff1638        0x1 C:\Users\12195032\Documents\Lab5\OSExample\Library\libOS.a(OS.o)
 *fill*         0x1fff1639        0x3 
 .bss.IdleCounter
                0x1fff163c        0x4 C:\Users\12195032\Documents\Lab5\OSExample\Library\libOS.a(OS.o)
 .bss.IdleStack
                0x1fff1640      0x400 C:\Users\12195032\Documents\Lab5\OSExample\Library\libOS.a(OS.o)
 .bss.Ticks     0x1fff1a40        0x4 C:\Users\12195032\Documents\Lab5\OSExample\Library\libOS.a(OS.o)
 .bss.ToggleCntr
                0x1fff1a44        0x4 C:\Users\12195032\Documents\Lab5\OSExample\Library\libOS.a(OS.o)
 .bss.ToggleLED
                0x1fff1a48        0x1 C:\Users\12195032\Documents\Lab5\OSExample\Library\libOS.a(OS.o)
 .bss.ISRNestLevel
                0x1fff1a49        0x1 C:\Users\12195032\Documents\Lab5\OSExample\Library\libOS.a(OS.o)
 *(COMMON)
 *fill*         0x1fff1a4a        0x2 
 COMMON         0x1fff1a4c        0x4 ./Sources/FTM.o
                0x1fff1a4c                FTM0Semaphore
 COMMON         0x1fff1a50        0x4 ./Sources/I2C.o
                0x1fff1a50                I2CSemaphore
 COMMON         0x1fff1a54        0x4 ./Sources/PIT.o
                0x1fff1a54                PITSemaphore
 COMMON         0x1fff1a58        0x4 ./Sources/RTC.o
                0x1fff1a58                RTCSemaphore
 COMMON         0x1fff1a5c        0xc ./Sources/UART.o
                0x1fff1a5c                RxSemaphore
                0x1fff1a60                TxSemaphore
                0x1fff1a64                PacketPutSemaphore
 COMMON         0x1fff1a68        0x4 ./Sources/accel.o
                0x1fff1a68                AccelSemaphore
 COMMON         0x1fff1a6c       0x10 ./Sources/packet.o
                0x1fff1a6c                TowerNumber
                0x1fff1a70                Packet
                0x1fff1a78                TowerMode
 COMMON         0x1fff1a7c        0x1 ./Generated_Code/Cpu.o
                0x1fff1a7c                SR_reg
                0x1fff1a80                . = ALIGN (0x4)
 *fill*         0x1fff1a7d        0x3 
                0x1fff1a80                __END_BSS = .
                0x1fff1a80                PROVIDE (__bss_end__, __END_BSS)
                0x00003ee0                _romp_at = ((___ROM_AT + SIZEOF (.data)) + SIZEOF (.m_data_20000000))

.romp           0x1fff1a80       0x24 load address 0x00003ee0
                0x00003ee0                __S_romp = _romp_at
                0x1fff1a80        0x4 LONG 0x3e6c ___ROM_AT
                0x1fff1a84        0x4 LONG 0x1fff0000 _sdata
                0x1fff1a88        0x4 LONG 0x74 ___data_size
                0x1fff1a8c        0x4 LONG 0x3ee0 ___m_data_20000000_ROMStart
                0x1fff1a90        0x4 LONG 0x20000000 ___m_data_20000000_RAMStart
                0x1fff1a94        0x4 LONG 0x0 ___m_data_20000000_ROMSize
                0x1fff1a98        0x4 LONG 0x0
                0x1fff1a9c        0x4 LONG 0x0
                0x1fff1aa0        0x4 LONG 0x0

._user_heap_stack
                0x1fff1aa4      0x400 load address 0x00003f04
                0x1fff1aa4                . = ALIGN (0x4)
                0x1fff1aa4                PROVIDE (end, .)
                0x1fff1aa4                PROVIDE (_end, .)
                0x1fff1aa4                __heap_addr = .
                0x1fff1aa4                __HeapBase = .
                0x1fff1aa4                . = (. + __heap_size)
                0x1fff1aa4                __HeapLimit = .
                0x1fff1ea4                . = (. + __stack_size)
 *fill*         0x1fff1aa4      0x400 
                0x1fff1ea4                . = ALIGN (0x4)

.ARM.attributes
                0x00000000       0x30
 *(.ARM.attributes)
 .ARM.attributes
                0x00000000       0x22 c:/freescale/kds_3.0.0/toolchain/bin/../lib/gcc/arm-none-eabi/4.8.4/armv7e-m/fpu/crti.o
 .ARM.attributes
                0x00000022       0x34 c:/freescale/kds_3.0.0/toolchain/bin/../lib/gcc/arm-none-eabi/4.8.4/armv7e-m/fpu/crtbegin.o
 .ARM.attributes
                0x00000056       0x20 c:/freescale/kds_3.0.0/toolchain/bin/../lib/gcc/arm-none-eabi/4.8.4/../../../../arm-none-eabi/lib/armv7e-m/fpu/crt0.o
 .ARM.attributes
                0x00000076       0x39 ./Sources/FIFO.o
 .ARM.attributes
                0x000000af       0x39 ./Sources/FTM.o
 .ARM.attributes
                0x000000e8       0x39 ./Sources/Flash.o
 .ARM.attributes
                0x00000121       0x39 ./Sources/I2C.o
 .ARM.attributes
                0x0000015a       0x39 ./Sources/LEDs.o
 .ARM.attributes
                0x00000193       0x39 ./Sources/PIT.o
 .ARM.attributes
                0x000001cc       0x39 ./Sources/RTC.o
 .ARM.attributes
                0x00000205       0x39 ./Sources/UART.o
 .ARM.attributes
                0x0000023e       0x39 ./Sources/accel.o
 .ARM.attributes
                0x00000277       0x39 ./Sources/main.o
 .ARM.attributes
                0x000002b0       0x39 ./Sources/median.o
 .ARM.attributes
                0x000002e9       0x39 ./Sources/packet.o
 .ARM.attributes
                0x00000322       0x39 ./Project_Settings/Startup_Code/startup.o
 .ARM.attributes
                0x0000035b       0x39 ./Generated_Code/Cpu.o
 .ARM.attributes
                0x00000394       0x39 ./Generated_Code/Vectors.o
 .ARM.attributes
                0x000003cd       0x39 C:\Users\12195032\Documents\Lab5\OSExample\Library\libOS.a(OS.o)
 .ARM.attributes
                0x00000406       0x22 c:/freescale/kds_3.0.0/toolchain/bin/../lib/gcc/arm-none-eabi/4.8.4/armv7e-m/fpu\libgcc.a(_arm_addsubdf3.o)
 .ARM.attributes
                0x00000428       0x22 c:/freescale/kds_3.0.0/toolchain/bin/../lib/gcc/arm-none-eabi/4.8.4/armv7e-m/fpu\libgcc.a(_arm_muldivdf3.o)
 .ARM.attributes
                0x0000044a       0x22 c:/freescale/kds_3.0.0/toolchain/bin/../lib/gcc/arm-none-eabi/4.8.4/armv7e-m/fpu\libgcc.a(_arm_fixunsdfsi.o)
 .ARM.attributes
                0x0000046c       0x34 c:/freescale/kds_3.0.0/toolchain/bin/../lib/gcc/arm-none-eabi/4.8.4/../../../../arm-none-eabi/lib/armv7e-m/fpu\libg_s.a(lib_a-exit.o)
 .ARM.attributes
                0x000004a0       0x34 c:/freescale/kds_3.0.0/toolchain/bin/../lib/gcc/arm-none-eabi/4.8.4/../../../../arm-none-eabi/lib/armv7e-m/fpu\libg_s.a(lib_a-impure.o)
 .ARM.attributes
                0x000004d4       0x34 c:/freescale/kds_3.0.0/toolchain/bin/../lib/gcc/arm-none-eabi/4.8.4/../../../../arm-none-eabi/lib/armv7e-m/fpu\libg_s.a(lib_a-init.o)
 .ARM.attributes
                0x00000508       0x34 c:/freescale/kds_3.0.0/toolchain/bin/../lib/gcc/arm-none-eabi/4.8.4/../../../../arm-none-eabi/lib/armv7e-m/fpu\libg_s.a(lib_a-memset.o)
 .ARM.attributes
                0x0000053c       0x34 c:/freescale/kds_3.0.0/toolchain/bin/../lib/gcc/arm-none-eabi/4.8.4/../../../../arm-none-eabi/lib/armv7e-m/fpu\libnosys.a(_exit.o)
 .ARM.attributes
                0x00000570       0x22 c:/freescale/kds_3.0.0/toolchain/bin/../lib/gcc/arm-none-eabi/4.8.4/armv7e-m/fpu/crtn.o
OUTPUT(OSExample.elf elf32-littlearm)

.debug_info     0x00000000     0x6ba6
 .debug_info    0x00000000      0x228 ./Sources/FIFO.o
 .debug_info    0x00000228      0x7a1 ./Sources/FTM.o
 .debug_info    0x000009c9      0x755 ./Sources/Flash.o
 .debug_info    0x0000111e      0x943 ./Sources/I2C.o
 .debug_info    0x00001a61      0x490 ./Sources/LEDs.o
 .debug_info    0x00001ef1      0x5eb ./Sources/PIT.o
 .debug_info    0x000024dc      0x651 ./Sources/RTC.o
 .debug_info    0x00002b2d      0xa03 ./Sources/UART.o
 .debug_info    0x00003530      0xa93 ./Sources/accel.o
 .debug_info    0x00003fc3      0x862 ./Sources/main.o
 .debug_info    0x00004825       0xd3 ./Sources/median.o
 .debug_info    0x000048f8      0x4d9 ./Sources/packet.o
 .debug_info    0x00004dd1      0x3b0 ./Project_Settings/Startup_Code/startup.o
 .debug_info    0x00005181      0xb89 ./Generated_Code/Cpu.o
 .debug_info    0x00005d0a      0x19a ./Generated_Code/Vectors.o
 .debug_info    0x00005ea4      0xd02 C:\Users\12195032\Documents\Lab5\OSExample\Library\libOS.a(OS.o)

.debug_abbrev   0x00000000     0x1a27
 .debug_abbrev  0x00000000       0xd5 ./Sources/FIFO.o
 .debug_abbrev  0x000000d5      0x1cf ./Sources/FTM.o
 .debug_abbrev  0x000002a4      0x1d5 ./Sources/Flash.o
 .debug_abbrev  0x00000479      0x23b ./Sources/I2C.o
 .debug_abbrev  0x000006b4      0x144 ./Sources/LEDs.o
 .debug_abbrev  0x000007f8      0x19d ./Sources/PIT.o
 .debug_abbrev  0x00000995      0x18e ./Sources/RTC.o
 .debug_abbrev  0x00000b23      0x1e1 ./Sources/UART.o
 .debug_abbrev  0x00000d04      0x23c ./Sources/accel.o
 .debug_abbrev  0x00000f40      0x233 ./Sources/main.o
 .debug_abbrev  0x00001173       0x6c ./Sources/median.o
 .debug_abbrev  0x000011df      0x18f ./Sources/packet.o
 .debug_abbrev  0x0000136e      0x189 ./Project_Settings/Startup_Code/startup.o
 .debug_abbrev  0x000014f7      0x185 ./Generated_Code/Cpu.o
 .debug_abbrev  0x0000167c       0xb3 ./Generated_Code/Vectors.o
 .debug_abbrev  0x0000172f      0x2f8 C:\Users\12195032\Documents\Lab5\OSExample\Library\libOS.a(OS.o)

.debug_aranges  0x00000000      0x4e0
 .debug_aranges
                0x00000000       0x30 ./Sources/FIFO.o
 .debug_aranges
                0x00000030       0x38 ./Sources/FTM.o
 .debug_aranges
                0x00000068       0x68 ./Sources/Flash.o
 .debug_aranges
                0x000000d0       0x78 ./Sources/I2C.o
 .debug_aranges
                0x00000148       0x38 ./Sources/LEDs.o
 .debug_aranges
                0x00000180       0x38 ./Sources/PIT.o
 .debug_aranges
                0x000001b8       0x38 ./Sources/RTC.o
 .debug_aranges
                0x000001f0       0x48 ./Sources/UART.o
 .debug_aranges
                0x00000238       0x50 ./Sources/accel.o
 .debug_aranges
                0x00000288       0x88 ./Sources/main.o
 .debug_aranges
                0x00000310       0x20 ./Sources/median.o
 .debug_aranges
                0x00000330       0x48 ./Sources/packet.o
 .debug_aranges
                0x00000378       0x50 ./Project_Settings/Startup_Code/startup.o
 .debug_aranges
                0x000003c8       0x38 ./Generated_Code/Cpu.o
 .debug_aranges
                0x00000400       0x18 ./Generated_Code/Vectors.o
 .debug_aranges
                0x00000418       0xc8 C:\Users\12195032\Documents\Lab5\OSExample\Library\libOS.a(OS.o)

.debug_ranges   0x00000000      0x3d8
 .debug_ranges  0x00000000       0x20 ./Sources/FIFO.o
 .debug_ranges  0x00000020       0x28 ./Sources/FTM.o
 .debug_ranges  0x00000048       0x58 ./Sources/Flash.o
 .debug_ranges  0x000000a0       0x68 ./Sources/I2C.o
 .debug_ranges  0x00000108       0x28 ./Sources/LEDs.o
 .debug_ranges  0x00000130       0x28 ./Sources/PIT.o
 .debug_ranges  0x00000158       0x28 ./Sources/RTC.o
 .debug_ranges  0x00000180       0x38 ./Sources/UART.o
 .debug_ranges  0x000001b8       0x40 ./Sources/accel.o
 .debug_ranges  0x000001f8       0x78 ./Sources/main.o
 .debug_ranges  0x00000270       0x10 ./Sources/median.o
 .debug_ranges  0x00000280       0x38 ./Sources/packet.o
 .debug_ranges  0x000002b8       0x40 ./Project_Settings/Startup_Code/startup.o
 .debug_ranges  0x000002f8       0x28 ./Generated_Code/Cpu.o
 .debug_ranges  0x00000320       0xb8 C:\Users\12195032\Documents\Lab5\OSExample\Library\libOS.a(OS.o)

.debug_macro    0x00000000    0x1aa96
 .debug_macro   0x00000000       0xaf ./Sources/FIFO.o
 .debug_macro   0x000000af       0x22 ./Sources/FIFO.o
 .debug_macro   0x000000d1       0x36 ./Sources/FIFO.o
 .debug_macro   0x00000107     0x1800 ./Sources/FIFO.o
 .debug_macro   0x00001907       0x87 ./Sources/FTM.o
 .debug_macro   0x0000198e      0x121 ./Sources/Flash.o
 .debug_macro   0x00001aaf       0x2e ./Sources/Flash.o
 .debug_macro   0x00001add       0x58 ./Sources/Flash.o
 .debug_macro   0x00001b35       0x35 ./Sources/Flash.o
 .debug_macro   0x00001b6a       0xa3 ./Sources/Flash.o
 .debug_macro   0x00001c0d      0x166 ./Sources/Flash.o
 .debug_macro   0x00001d73       0x52 ./Sources/Flash.o
 .debug_macro   0x00001dc5       0x16 ./Sources/Flash.o
 .debug_macro   0x00001ddb       0x43 ./Sources/Flash.o
 .debug_macro   0x00001e1e      0x180 ./Sources/Flash.o
 .debug_macro   0x00001f9e      0x2a6 ./Sources/Flash.o
 .debug_macro   0x00002244       0x10 ./Sources/Flash.o
 .debug_macro   0x00002254       0x35 ./Sources/Flash.o
 .debug_macro   0x00002289      0x178 ./Sources/I2C.o
 .debug_macro   0x00002401       0x16 ./Sources/I2C.o
 .debug_macro   0x00002417      0x10e ./Sources/I2C.o
 .debug_macro   0x00002525       0x7f ./Sources/I2C.o
 .debug_macro   0x000025a4       0x22 ./Sources/I2C.o
 .debug_macro   0x000025c6       0x68 ./Sources/LEDs.o
 .debug_macro   0x0000262e       0x7b ./Sources/PIT.o
 .debug_macro   0x000026a9       0x7f ./Sources/RTC.o
 .debug_macro   0x00002728       0xc2 ./Sources/UART.o
 .debug_macro   0x000027ea       0xd0 ./Sources/UART.o
 .debug_macro   0x000028ba      0x1f5 ./Sources/accel.o
 .debug_macro   0x00002aaf       0x94 ./Sources/accel.o
 .debug_macro   0x00002b43      0x1d7 ./Sources/main.o
 .debug_macro   0x00002d1a       0x28 ./Sources/main.o
 .debug_macro   0x00002d42       0xca ./Sources/main.o
 .debug_macro   0x00002e0c       0x5f ./Sources/median.o
 .debug_macro   0x00002e6b       0xe3 ./Sources/packet.o
 .debug_macro   0x00002f4e      0x121 ./Project_Settings/Startup_Code/startup.o
 .debug_macro   0x0000306f       0x4a ./Project_Settings/Startup_Code/startup.o
 .debug_macro   0x000030b9       0x16 ./Project_Settings/Startup_Code/startup.o
 .debug_macro   0x000030cf      0x20f ./Project_Settings/Startup_Code/startup.o
 .debug_macro   0x000032de    0x174af ./Project_Settings/Startup_Code/startup.o
 .debug_macro   0x0001a78d       0x9f ./Generated_Code/Cpu.o
 .debug_macro   0x0001a82c       0x9a ./Generated_Code/Cpu.o
 .debug_macro   0x0001a8c6       0xfd ./Generated_Code/Vectors.o
 .debug_macro   0x0001a9c3       0x30 ./Generated_Code/Vectors.o
 .debug_macro   0x0001a9f3       0xa3 C:\Users\12195032\Documents\Lab5\OSExample\Library\libOS.a(OS.o)

.debug_line     0x00000000     0x359c
 .debug_line    0x00000000      0x2d8 ./Sources/FIFO.o
 .debug_line    0x000002d8      0x2a3 ./Sources/FTM.o
 .debug_line    0x0000057b      0x3d0 ./Sources/Flash.o
 .debug_line    0x0000094b      0x482 ./Sources/I2C.o
 .debug_line    0x00000dcd      0x21f ./Sources/LEDs.o
 .debug_line    0x00000fec      0x26f ./Sources/PIT.o
 .debug_line    0x0000125b      0x2c0 ./Sources/RTC.o
 .debug_line    0x0000151b      0x35c ./Sources/UART.o
 .debug_line    0x00001877      0x356 ./Sources/accel.o
 .debug_line    0x00001bcd      0x573 ./Sources/main.o
 .debug_line    0x00002140      0x1bf ./Sources/median.o
 .debug_line    0x000022ff      0x3dc ./Sources/packet.o
 .debug_line    0x000026db      0x3d6 ./Project_Settings/Startup_Code/startup.o
 .debug_line    0x00002ab1      0x326 ./Generated_Code/Cpu.o
 .debug_line    0x00002dd7      0x331 ./Generated_Code/Vectors.o
 .debug_line    0x00003108      0x494 C:\Users\12195032\Documents\Lab5\OSExample\Library\libOS.a(OS.o)

.debug_str      0x00000000    0x8f2c6
 .debug_str     0x00000000    0x8a678 ./Sources/FIFO.o
                              0x8a7f6 (size before relaxing)
 .debug_str     0x0008a678      0x3f0 ./Sources/FTM.o
                              0x8323e (size before relaxing)
 .debug_str     0x0008aa68     0x277d ./Sources/Flash.o
                              0x85635 (size before relaxing)
 .debug_str     0x0008d1e5      0x33e ./Sources/I2C.o
                              0x8c1bd (size before relaxing)
 .debug_str     0x0008d523       0xa6 ./Sources/LEDs.o
                              0x82eed (size before relaxing)
 .debug_str     0x0008d5c9       0xd4 ./Sources/PIT.o
                              0x8306e (size before relaxing)
 .debug_str     0x0008d69d       0xba ./Sources/RTC.o
                              0x83044 (size before relaxing)
 .debug_str     0x0008d757      0x532 ./Sources/UART.o
                              0x8ae7b (size before relaxing)
 .debug_str     0x0008dc89      0xab8 ./Sources/accel.o
                              0x8b554 (size before relaxing)
 .debug_str     0x0008e741      0x330 ./Sources/main.o
                              0x8d742 (size before relaxing)
 .debug_str     0x0008ea71       0x23 ./Sources/median.o
                               0x2f85 (size before relaxing)
 .debug_str     0x0008ea94      0x121 ./Sources/packet.o
                              0x8ae63 (size before relaxing)
 .debug_str     0x0008ebb5      0x181 ./Project_Settings/Startup_Code/startup.o
                              0x853f1 (size before relaxing)
 .debug_str     0x0008ed36      0x1e3 ./Generated_Code/Cpu.o
                              0x8a9ef (size before relaxing)
 .debug_str     0x0008ef19       0x1c ./Generated_Code/Vectors.o
                              0x8a800 (size before relaxing)
 .debug_str     0x0008ef35      0x391 C:\Users\12195032\Documents\Lab5\OSExample\Library\libOS.a(OS.o)
                              0x8ad2a (size before relaxing)

.comment        0x00000000       0x70
 .comment       0x00000000       0x70 ./Sources/FIFO.o
                                 0x71 (size before relaxing)
 .comment       0x00000000       0x71 ./Sources/FTM.o
 .comment       0x00000000       0x71 ./Sources/Flash.o
 .comment       0x00000000       0x71 ./Sources/I2C.o
 .comment       0x00000000       0x71 ./Sources/LEDs.o
 .comment       0x00000000       0x71 ./Sources/PIT.o
 .comment       0x00000000       0x71 ./Sources/RTC.o
 .comment       0x00000000       0x71 ./Sources/UART.o
 .comment       0x00000000       0x71 ./Sources/accel.o
 .comment       0x00000000       0x71 ./Sources/main.o
 .comment       0x00000000       0x71 ./Sources/median.o
 .comment       0x00000000       0x71 ./Sources/packet.o
 .comment       0x00000000       0x71 ./Project_Settings/Startup_Code/startup.o
 .comment       0x00000000       0x71 ./Generated_Code/Cpu.o
 .comment       0x00000000       0x71 ./Generated_Code/Vectors.o
 .comment       0x00000000       0x71 C:\Users\12195032\Documents\Lab5\OSExample\Library\libOS.a(OS.o)

.debug_frame    0x00000000      0xe2c
 .debug_frame   0x00000000       0x70 ./Sources/FIFO.o
 .debug_frame   0x00000070       0x88 ./Sources/FTM.o
 .debug_frame   0x000000f8      0x138 ./Sources/Flash.o
 .debug_frame   0x00000230      0x168 ./Sources/I2C.o
 .debug_frame   0x00000398       0x7c ./Sources/LEDs.o
 .debug_frame   0x00000414       0x90 ./Sources/PIT.o
 .debug_frame   0x000004a4       0x8c ./Sources/RTC.o
 .debug_frame   0x00000530       0xd4 ./Sources/UART.o
 .debug_frame   0x00000604       0xf0 ./Sources/accel.o
 .debug_frame   0x000006f4      0x1cc ./Sources/main.o
 .debug_frame   0x000008c0       0x2c ./Sources/median.o
 .debug_frame   0x000008ec       0xcc ./Sources/packet.o
 .debug_frame   0x000009b8       0xc0 ./Project_Settings/Startup_Code/startup.o
 .debug_frame   0x00000a78       0x80 ./Generated_Code/Cpu.o
 .debug_frame   0x00000af8      0x2a0 C:\Users\12195032\Documents\Lab5\OSExample\Library\libOS.a(OS.o)
 .debug_frame   0x00000d98       0x28 c:/freescale/kds_3.0.0/toolchain/bin/../lib/gcc/arm-none-eabi/4.8.4/../../../../arm-none-eabi/lib/armv7e-m/fpu\libg_s.a(lib_a-exit.o)
 .debug_frame   0x00000dc0       0x2c c:/freescale/kds_3.0.0/toolchain/bin/../lib/gcc/arm-none-eabi/4.8.4/../../../../arm-none-eabi/lib/armv7e-m/fpu\libg_s.a(lib_a-init.o)
 .debug_frame   0x00000dec       0x20 c:/freescale/kds_3.0.0/toolchain/bin/../lib/gcc/arm-none-eabi/4.8.4/../../../../arm-none-eabi/lib/armv7e-m/fpu\libg_s.a(lib_a-memset.o)
 .debug_frame   0x00000e0c       0x20 c:/freescale/kds_3.0.0/toolchain/bin/../lib/gcc/arm-none-eabi/4.8.4/../../../../arm-none-eabi/lib/armv7e-m/fpu\libnosys.a(_exit.o)
